Apr  2 06:54:25 instance-7 rsyslogd: [origin software="rsyslogd" swVersion="8.4.2" x-pid="369" x-info="http://www.rsyslog.com"] rsyslogd was HUPed
Apr  2 06:55:58 instance-7 rsyslogd0: action 'action 18' resumed (module 'builtin:ompipe') [try http://www.rsyslog.com/e/0 ]
Apr  2 06:55:58 instance-7 rsyslogd-2359: action 'action 18' resumed (module 'builtin:ompipe') [try http://www.rsyslog.com/e/2359 ]
Apr  2 22:26:38 instance-7 rsyslogd-2007: action 'action 18' suspended, next retry is Sun Apr  2 22:27:08 2017 [try http://www.rsyslog.com/e/2007 ]
Apr  3 06:38:50 instance-7 rsyslogd: [origin software="rsyslogd" swVersion="8.4.2" x-pid="369" x-info="http://www.rsyslog.com"] rsyslogd was HUPed
Apr  3 06:38:50 instance-7 rsyslogd0: action 'action 18' resumed (module 'builtin:ompipe') [try http://www.rsyslog.com/e/0 ]
Apr  3 06:38:50 instance-7 rsyslogd-2359: action 'action 18' resumed (module 'builtin:ompipe') [try http://www.rsyslog.com/e/2359 ]
Apr  3 09:02:16 instance-7 rsyslogd-2007: action 'action 18' suspended, next retry is Mon Apr  3 09:02:46 2017 [try http://www.rsyslog.com/e/2007 ]
Apr  4 06:53:11 instance-7 rsyslogd: [origin software="rsyslogd" swVersion="8.4.2" x-pid="369" x-info="http://www.rsyslog.com"] rsyslogd was HUPed
Apr  4 07:03:11 instance-7 rsyslogd0: action 'action 18' resumed (module 'builtin:ompipe') [try http://www.rsyslog.com/e/0 ]
Apr  4 07:03:11 instance-7 rsyslogd-2359: action 'action 18' resumed (module 'builtin:ompipe') [try http://www.rsyslog.com/e/2359 ]
Apr  4 23:17:01 instance-7 rsyslogd-2007: action 'action 18' suspended, next retry is Tue Apr  4 23:17:31 2017 [try http://www.rsyslog.com/e/2007 ]
Apr  5 06:25:37 instance-7 rsyslogd: [origin software="rsyslogd" swVersion="8.4.2" x-pid="369" x-info="http://www.rsyslog.com"] rsyslogd was HUPed
Apr  5 07:14:50 instance-7 rsyslogd0: action 'action 18' resumed (module 'builtin:ompipe') [try http://www.rsyslog.com/e/0 ]
Apr  5 07:14:50 instance-7 rsyslogd-2359: action 'action 18' resumed (module 'builtin:ompipe') [try http://www.rsyslog.com/e/2359 ]
Apr  5 17:10:31 instance-8 rsyslogd: [origin software="rsyslogd" swVersion="8.4.2" x-pid="409" x-info="http://www.rsyslog.com"] start
Apr  5 17:10:31 instance-8 kernel: [    0.000000] Initializing cgroup subsys cpuset
Apr  5 17:10:31 instance-8 kernel: [    0.000000] Initializing cgroup subsys cpu
Apr  5 17:10:31 instance-8 kernel: [    0.000000] Initializing cgroup subsys cpuacct
Apr  5 17:10:31 instance-8 kernel: [    0.000000] Linux version 3.16.39-falcot (kh276@instance-7) (gcc version 4.9.2 (Debian 4.9.2-10) ) #49 SMP Tue Mar 21 22:02:27 UTC 2017
Apr  5 17:10:31 instance-8 kernel: [    0.000000] Command line: BOOT_IMAGE=/boot/vmlinuz-3.16.39-falcot root=UUID=51f08c7e-588b-4101-88ec-71966f154b99 ro console=ttyS0,38400n8 elevator=noop
Apr  5 17:10:31 instance-8 kernel: [    0.000000] e820: BIOS-provided physical RAM map:
Apr  5 17:10:31 instance-8 kernel: [    0.000000] BIOS-e820: [mem 0x0000000000000000-0x000000000009fbff] usable
Apr  5 17:10:31 instance-8 kernel: [    0.000000] BIOS-e820: [mem 0x000000000009fc00-0x000000000009ffff] reserved
Apr  5 17:10:31 instance-8 kernel: [    0.000000] BIOS-e820: [mem 0x00000000000f0000-0x00000000000fffff] reserved
Apr  5 17:10:31 instance-8 kernel: [    0.000000] BIOS-e820: [mem 0x0000000000100000-0x00000000bfffcfff] usable
Apr  5 17:10:31 instance-8 kernel: [    0.000000] BIOS-e820: [mem 0x00000000bfffd000-0x00000000bfffffff] reserved
Apr  5 17:10:31 instance-8 kernel: [    0.000000] BIOS-e820: [mem 0x00000000fffbc000-0x00000000ffffffff] reserved
Apr  5 17:10:31 instance-8 kernel: [    0.000000] BIOS-e820: [mem 0x0000000100000000-0x000000012fffffff] usable
Apr  5 17:10:31 instance-8 kernel: [    0.000000] Kai-Chen_Hsieh: setup_arch(): command_line = BOOT_IMAGE=/boot/vmlinuz-3.16.39-falcot root=UUID=51f08c7e-588b-4101-88ec-71966f154b99 ro console=ttyS0,38400n8 elevator=noop 
Apr  5 17:10:31 instance-8 kernel: [    0.000000] Kai-Chen_Hsieh: parse_early_param(): setup_arch() code calls this early on 
Apr  5 17:10:31 instance-8 kernel: [    0.000000] NX (Execute Disable) protection: active
Apr  5 17:10:31 instance-8 kernel: [    0.000000] SMBIOS 2.4 present.
Apr  5 17:10:31 instance-8 kernel: [    0.000000] Hypervisor detected: KVM
Apr  5 17:10:31 instance-8 kernel: [    0.000000] AGP: No AGP bridge found
Apr  5 17:10:31 instance-8 kernel: [    0.000000] e820: last_pfn = 0x130000 max_arch_pfn = 0x400000000
Apr  5 17:10:31 instance-8 kernel: [    0.000000] x86 PAT enabled: cpu 0, old 0x70106, new 0x7010600070106
Apr  5 17:10:31 instance-8 kernel: [    0.000000] e820: last_pfn = 0xbfffd max_arch_pfn = 0x400000000
Apr  5 17:10:31 instance-8 kernel: [    0.000000] found SMP MP-table at [mem 0x000f3450-0x000f345f] mapped at [ffff8800000f3450]
Apr  5 17:10:31 instance-8 kernel: [    0.000000] Using GB pages for direct mapping
Apr  5 17:10:31 instance-8 kernel: [    0.000000] init_memory_mapping: [mem 0x00000000-0x000fffff]
Apr  5 17:10:31 instance-8 kernel: [    0.000000] init_memory_mapping: [mem 0x12fe00000-0x12fffffff]
Apr  5 17:10:31 instance-8 kernel: [    0.000000] init_memory_mapping: [mem 0x12c000000-0x12fdfffff]
Apr  5 17:10:31 instance-8 kernel: [    0.000000] init_memory_mapping: [mem 0x100000000-0x12bffffff]
Apr  5 17:10:31 instance-8 kernel: [    0.000000] init_memory_mapping: [mem 0x00100000-0xbfffcfff]
Apr  5 17:10:31 instance-8 kernel: [    0.000000] RAMDISK: [mem 0x36210000-0x370fffff]
Apr  5 17:10:31 instance-8 kernel: [    0.000000] ACPI: Early table checksum verification disabled
Apr  5 17:10:31 instance-8 kernel: [    0.000000] ACPI: RSDP 0x00000000000F3240 000014 (v00 Google)
Apr  5 17:10:31 instance-8 kernel: [    0.000000] ACPI: RSDT 0x00000000BFFFDF60 000034 (v01 Google GOOGRSDT 00000001 GOOG 00000001)
Apr  5 17:10:31 instance-8 kernel: [    0.000000] ACPI: FACP 0x00000000BFFFFF00 0000F4 (v02 Google GOOGFACP 00000001 GOOG 00000001)
Apr  5 17:10:31 instance-8 kernel: [    0.000000] ACPI: DSDT 0x00000000BFFFDFA0 0015A3 (v01 Google GOOGDSDT 00000001 GOOG 00000001)
Apr  5 17:10:31 instance-8 kernel: [    0.000000] ACPI: FACS 0x00000000BFFFFEC0 000040
Apr  5 17:10:31 instance-8 kernel: [    0.000000] ACPI: FACS 0x00000000BFFFFEC0 000040
Apr  5 17:10:31 instance-8 kernel: [    0.000000] ACPI: SSDT 0x00000000BFFFF670 000843 (v01 Google GOOGSSDT 00000001 GOOG 00000001)
Apr  5 17:10:31 instance-8 kernel: [    0.000000] ACPI: APIC 0x00000000BFFFF580 00006E (v01 Google GOOGAPIC 00000001 GOOG 00000001)
Apr  5 17:10:31 instance-8 kernel: [    0.000000] ACPI: WAET 0x00000000BFFFF550 000028 (v01 Google GOOGWAET 00000001 GOOG 00000001)
Apr  5 17:10:31 instance-8 kernel: [    0.000000] No NUMA configuration found
Apr  5 17:10:31 instance-8 kernel: [    0.000000] Faking a node at [mem 0x0000000000000000-0x000000012fffffff]
Apr  5 17:10:31 instance-8 kernel: [    0.000000] Initmem setup node 0 [mem 0x00000000-0x12fffffff]
Apr  5 17:10:31 instance-8 kernel: [    0.000000]   NODE_DATA [mem 0x12fff9000-0x12fffdfff]
Apr  5 17:10:31 instance-8 kernel: [    0.000000] kvm-clock: Using msrs 4b564d01 and 4b564d00
Apr  5 17:10:31 instance-8 kernel: [    0.000000] kvm-clock: cpu 0, msr 1:2fff1001, primary cpu clock
Apr  5 17:10:31 instance-8 kernel: [    0.000000] Zone ranges:
Apr  5 17:10:31 instance-8 kernel: [    0.000000]   DMA      [mem 0x00001000-0x00ffffff]
Apr  5 17:10:31 instance-8 kernel: [    0.000000]   DMA32    [mem 0x01000000-0xffffffff]
Apr  5 17:10:31 instance-8 kernel: [    0.000000]   Normal   [mem 0x100000000-0x12fffffff]
Apr  5 17:10:31 instance-8 kernel: [    0.000000] Movable zone start for each node
Apr  5 17:10:31 instance-8 kernel: [    0.000000] Early memory node ranges
Apr  5 17:10:31 instance-8 kernel: [    0.000000]   node   0: [mem 0x00001000-0x0009efff]
Apr  5 17:10:31 instance-8 kernel: [    0.000000]   node   0: [mem 0x00100000-0xbfffcfff]
Apr  5 17:10:31 instance-8 kernel: [    0.000000]   node   0: [mem 0x100000000-0x12fffffff]
Apr  5 17:10:31 instance-8 kernel: [    0.000000] ACPI: PM-Timer IO Port: 0xb008
Apr  5 17:10:31 instance-8 kernel: [    0.000000] ACPI: LAPIC (acpi_id[0x00] lapic_id[0x00] enabled)
Apr  5 17:10:31 instance-8 kernel: [    0.000000] ACPI: LAPIC_NMI (acpi_id[0xff] dfl dfl lint[0x1])
Apr  5 17:10:31 instance-8 kernel: [    0.000000] ACPI: IOAPIC (id[0x00] address[0xfec00000] gsi_base[0])
Apr  5 17:10:31 instance-8 kernel: [    0.000000] IOAPIC[0]: apic_id 0, version 17, address 0xfec00000, GSI 0-23
Apr  5 17:10:31 instance-8 kernel: [    0.000000] ACPI: INT_SRC_OVR (bus 0 bus_irq 5 global_irq 5 high level)
Apr  5 17:10:31 instance-8 kernel: [    0.000000] ACPI: INT_SRC_OVR (bus 0 bus_irq 9 global_irq 9 high level)
Apr  5 17:10:31 instance-8 kernel: [    0.000000] ACPI: INT_SRC_OVR (bus 0 bus_irq 10 global_irq 10 high level)
Apr  5 17:10:31 instance-8 kernel: [    0.000000] ACPI: INT_SRC_OVR (bus 0 bus_irq 11 global_irq 11 high level)
Apr  5 17:10:31 instance-8 kernel: [    0.000000] Using ACPI (MADT) for SMP configuration information
Apr  5 17:10:31 instance-8 kernel: [    0.000000] smpboot: Allowing 1 CPUs, 0 hotplug CPUs
Apr  5 17:10:31 instance-8 kernel: [    0.000000] PM: Registered nosave memory: [mem 0x0009f000-0x0009ffff]
Apr  5 17:10:31 instance-8 kernel: [    0.000000] PM: Registered nosave memory: [mem 0x000a0000-0x000effff]
Apr  5 17:10:31 instance-8 kernel: [    0.000000] PM: Registered nosave memory: [mem 0x000f0000-0x000fffff]
Apr  5 17:10:31 instance-8 kernel: [    0.000000] PM: Registered nosave memory: [mem 0xbfffd000-0xbfffffff]
Apr  5 17:10:31 instance-8 kernel: [    0.000000] PM: Registered nosave memory: [mem 0xc0000000-0xfffbbfff]
Apr  5 17:10:31 instance-8 kernel: [    0.000000] PM: Registered nosave memory: [mem 0xfffbc000-0xffffffff]
Apr  5 17:10:31 instance-8 kernel: [    0.000000] e820: [mem 0xc0000000-0xfffbbfff] available for PCI devices
Apr  5 17:10:31 instance-8 kernel: [    0.000000] Booting paravirtualized kernel on KVM
Apr  5 17:10:31 instance-8 kernel: [    0.000000] setup_percpu: NR_CPUS:512 nr_cpumask_bits:512 nr_cpu_ids:1 nr_node_ids:1
Apr  5 17:10:31 instance-8 kernel: [    0.000000] PERCPU: Embedded 28 pages/cpu @ffff88012fc00000 s82176 r8192 d24320 u2097152
Apr  5 17:10:31 instance-8 kernel: [    0.000000] Built 1 zonelists in Node order, mobility grouping on.  Total pages: 969478
Apr  5 17:10:31 instance-8 kernel: [    0.000000] Policy zone: Normal
Apr  5 17:10:31 instance-8 kernel: [    0.000000] Kai-Chen_Hsieh: page_alloc_init(): this function calls hotcpu_notifier() 
Apr  5 17:10:31 instance-8 kernel: [    0.000000] Kernel command line: BOOT_IMAGE=/boot/vmlinuz-3.16.39-falcot root=UUID=51f08c7e-588b-4101-88ec-71966f154b99 ro console=ttyS0,38400n8 elevator=noop
Apr  5 17:10:31 instance-8 kernel: [    0.000000] Kai-Chen_Hsieh: parse_early_param(): setup_arch() code calls this early on 
Apr  5 17:10:31 instance-8 kernel: [    0.000000] PID hash table entries: 4096 (order: 3, 32768 bytes)
Apr  5 17:10:31 instance-8 kernel: [    0.000000] Kai Chen, Hsieh: trap_init(): initialize traps 
Apr  5 17:10:31 instance-8 kernel: [    0.000000] xsave: enabled xstate_bv 0x7, cntxt size 0x340
Apr  5 17:10:31 instance-8 kernel: [    0.000000] Kai Chen, Hsieh: mm_init(): calls mem_init() and kmem_cache_init() 
Apr  5 17:10:31 instance-8 kernel: [    0.000000] AGP: Checking aperture...
Apr  5 17:10:31 instance-8 kernel: [    0.000000] AGP: No AGP bridge found
Apr  5 17:10:31 instance-8 kernel: [    0.000000] Memory: 3783300K/3931756K available (5318K kernel code, 1003K rwdata, 1824K rodata, 1208K init, 848K bss, 148456K reserved)
Apr  5 17:10:31 instance-8 kernel: [    0.000000] Hierarchical RCU implementation.
Apr  5 17:10:31 instance-8 kernel: [    0.000000] 	RCU dyntick-idle grace-period acceleration is enabled.
Apr  5 17:10:31 instance-8 kernel: [    0.000000] 	RCU restricting CPUs from NR_CPUS=512 to nr_cpu_ids=1.
Apr  5 17:10:31 instance-8 kernel: [    0.000000] RCU: Adjusting geometry for rcu_fanout_leaf=16, nr_cpu_ids=1
Apr  5 17:10:31 instance-8 kernel: [    0.000000] NR_IRQS:33024 nr_irqs:256 16
Apr  5 17:10:31 instance-8 kernel: [    0.000000] Console: colour VGA+ 80x25
Apr  5 17:10:31 instance-8 kernel: [    0.000000] console [ttyS0] enabled
Apr  5 17:10:31 instance-8 kernel: [    0.000000] tsc: Detected 2300.000 MHz processor
Apr  5 17:10:31 instance-8 kernel: [    2.970392] Calibrating delay loop (skipped) preset value.. 4600.00 BogoMIPS (lpj=9200000)
Apr  5 17:10:31 instance-8 kernel: [    2.971553] pid_max: default: 32768 minimum: 301
Apr  5 17:10:31 instance-8 kernel: [    2.972291] ACPI: Core revision 20140424
Apr  5 17:10:31 instance-8 kernel: [    2.973939] ACPI: All ACPI Tables successfully acquired
Apr  5 17:10:31 instance-8 kernel: [    2.974879] Security Framework initialized
Apr  5 17:10:31 instance-8 kernel: [    2.975633] AppArmor: AppArmor disabled by boot time parameter
Apr  5 17:10:31 instance-8 kernel: [    2.976838] Yama: disabled by default; enable with sysctl kernel.yama.*
Apr  5 17:10:31 instance-8 kernel: [    2.978810] Dentry cache hash table entries: 524288 (order: 10, 4194304 bytes)
Apr  5 17:10:31 instance-8 kernel: [    2.981701] Inode-cache hash table entries: 262144 (order: 9, 2097152 bytes)
Apr  5 17:10:31 instance-8 kernel: [    2.983171] Mount-cache hash table entries: 8192 (order: 4, 65536 bytes)
Apr  5 17:10:31 instance-8 kernel: [    2.984133] Mountpoint-cache hash table entries: 8192 (order: 4, 65536 bytes)
Apr  5 17:10:31 instance-8 kernel: [    2.985420] Initializing cgroup subsys memory
Apr  5 17:10:31 instance-8 kernel: [    2.986145] Initializing cgroup subsys devices
Apr  5 17:10:31 instance-8 kernel: [    2.986805] Initializing cgroup subsys freezer
Apr  5 17:10:31 instance-8 kernel: [    2.987431] Initializing cgroup subsys net_cls
Apr  5 17:10:31 instance-8 kernel: [    2.988592] Initializing cgroup subsys blkio
Apr  5 17:10:31 instance-8 kernel: [    2.989241] Initializing cgroup subsys perf_event
Apr  5 17:10:31 instance-8 kernel: [    2.989936] Initializing cgroup subsys net_prio
Apr  5 17:10:31 instance-8 kernel: [    2.990617] CPU: Physical Processor ID: 0
Apr  5 17:10:31 instance-8 kernel: [    2.991205] CPU: Processor Core ID: 0
Apr  5 17:10:31 instance-8 kernel: [    2.993067] mce: CPU supports 32 MCE banks
Apr  5 17:10:31 instance-8 kernel: [    2.993984] Last level iTLB entries: 4KB 1024, 2MB 1024, 4MB 1024
Apr  5 17:10:31 instance-8 kernel: [    2.993984] Last level dTLB entries: 4KB 1024, 2MB 1024, 4MB 1024, 1GB 4
Apr  5 17:10:31 instance-8 kernel: [    2.993984] tlb_flushall_shift: 6
Apr  5 17:10:31 instance-8 kernel: [    3.004150] Freeing SMP alternatives memory: 20K (ffffffff81a2a000 - ffffffff81a2f000)
Apr  5 17:10:31 instance-8 kernel: [    3.008563] ftrace: allocating 21748 entries in 85 pages
Apr  5 17:10:31 instance-8 kernel: [    3.035624] Enabling x2apic
Apr  5 17:10:31 instance-8 kernel: [    3.036184] Enabled x2apic
Apr  5 17:10:31 instance-8 kernel: [    3.037993] Switched APIC routing to physical x2apic.
Apr  5 17:10:31 instance-8 kernel: [    3.041801] ..TIMER: vector=0x30 apic1=0 pin1=0 apic2=-1 pin2=-1
Apr  5 17:10:31 instance-8 kernel: [    3.042779] smpboot: CPU0: Intel(R) Xeon(R) CPU @ 2.30GHz (fam: 06, model: 3f, stepping: 00)
Apr  5 17:10:31 instance-8 kernel: [    3.149609] Performance Events: unsupported p6 CPU model 63 no PMU driver, software events only.
Apr  5 17:10:31 instance-8 kernel: [    3.153157] x86: Booted up 1 node, 1 CPUs
Apr  5 17:10:31 instance-8 kernel: [    3.153774] smpboot: Total of 1 processors activated (4600.00 BogoMIPS)
Apr  5 17:10:31 instance-8 kernel: [    3.156201] NMI watchdog: disabled (cpu0): hardware events not enabled
Apr  5 17:10:31 instance-8 kernel: [    3.157764] devtmpfs: initialized
Apr  5 17:10:31 instance-8 kernel: [    3.161244] pinctrl core: initialized pinctrl subsystem
Apr  5 17:10:31 instance-8 kernel: [    3.162333] NET: Registered protocol family 16
Apr  5 17:10:31 instance-8 kernel: [    3.163217] cpuidle: using governor ladder
Apr  5 17:10:31 instance-8 kernel: [    3.163846] cpuidle: using governor menu
Apr  5 17:10:31 instance-8 kernel: [    3.164469] ACPI: bus type PCI registered
Apr  5 17:10:31 instance-8 kernel: [    3.165068] acpiphp: ACPI Hot Plug PCI Controller Driver version: 0.5
Apr  5 17:10:31 instance-8 kernel: [    3.166295] PCI: Using configuration type 1 for base access
Apr  5 17:10:31 instance-8 kernel: [    3.168571] ACPI: Added _OSI(Module Device)
Apr  5 17:10:31 instance-8 kernel: [    3.169230] ACPI: Added _OSI(Processor Device)
Apr  5 17:10:31 instance-8 kernel: [    3.170149] ACPI: Added _OSI(3.0 _SCP Extensions)
Apr  5 17:10:31 instance-8 kernel: [    3.170943] ACPI: Added _OSI(Processor Aggregator Device)
Apr  5 17:10:31 instance-8 kernel: [    3.172720] ACPI: Executed 2 blocks of module-level executable AML code
Apr  5 17:10:31 instance-8 kernel: [    3.174712] ACPI: Interpreter enabled
Apr  5 17:10:31 instance-8 kernel: [    3.175264] ACPI Exception: AE_NOT_FOUND, While evaluating Sleep State [\_S1_] (20140424/hwxface-580)
Apr  5 17:10:31 instance-8 kernel: [    3.176997] ACPI Exception: AE_NOT_FOUND, While evaluating Sleep State [\_S2_] (20140424/hwxface-580)
Apr  5 17:10:31 instance-8 kernel: [    3.178491] ACPI: (supports S0 S3 S4 S5)
Apr  5 17:10:31 instance-8 kernel: [    3.179119] ACPI: Using IOAPIC for interrupt routing
Apr  5 17:10:31 instance-8 kernel: [    3.179868] PCI: Using host bridge windows from ACPI; if necessary, use "pci=nocrs" and report a bug
Apr  5 17:10:31 instance-8 kernel: [    3.182973] ACPI: PCI Root Bridge [PCI0] (domain 0000 [bus 00-ff])
Apr  5 17:10:31 instance-8 kernel: [    3.183887] acpi PNP0A03:00: _OSC: OS supports [ASPM ClockPM Segments MSI]
Apr  5 17:10:31 instance-8 kernel: [    3.185053] acpi PNP0A03:00: _OSC failed (AE_NOT_FOUND); disabling ASPM
Apr  5 17:10:31 instance-8 kernel: [    3.186190] acpi PNP0A03:00: fail to add MMCONFIG information, can't access extended PCI configuration space under this bridge.
Apr  5 17:10:31 instance-8 kernel: [    3.188301] PCI host bridge to bus 0000:00
Apr  5 17:10:31 instance-8 kernel: [    3.188995] pci_bus 0000:00: root bus resource [bus 00-ff]
Apr  5 17:10:31 instance-8 kernel: [    3.190023] pci_bus 0000:00: root bus resource [io  0x0000-0x0cf7]
Apr  5 17:10:31 instance-8 kernel: [    3.191184] pci_bus 0000:00: root bus resource [io  0x0d00-0xffff]
Apr  5 17:10:31 instance-8 kernel: [    3.192168] pci_bus 0000:00: root bus resource [mem 0x000a0000-0x000bffff]
Apr  5 17:10:31 instance-8 kernel: [    3.193800] pci_bus 0000:00: root bus resource [mem 0xc0000000-0xfebfffff]
Apr  5 17:10:31 instance-8 kernel: [    3.273273] pci 0000:00:01.3: quirk: [io  0xb000-0xb03f] claimed by PIIX4 ACPI
Apr  5 17:10:31 instance-8 kernel: [    3.386000] ACPI: PCI Interrupt Link [LNKA] (IRQs 5 *10 11)
Apr  5 17:10:31 instance-8 kernel: [    3.389953] ACPI: PCI Interrupt Link [LNKB] (IRQs 5 *10 11)
Apr  5 17:10:31 instance-8 kernel: [    3.393626] ACPI: PCI Interrupt Link [LNKC] (IRQs 5 10 *11)
Apr  5 17:10:31 instance-8 kernel: [    3.397734] ACPI: PCI Interrupt Link [LNKD] (IRQs 5 10 *11)
Apr  5 17:10:31 instance-8 kernel: [    3.401781] ACPI: PCI Interrupt Link [LNKS] (IRQs *9)
Apr  5 17:10:31 instance-8 kernel: [    3.403044] ACPI: Enabled 16 GPEs in block 00 to 0F
Apr  5 17:10:31 instance-8 kernel: [    3.403914] vgaarb: loaded
Apr  5 17:10:31 instance-8 kernel: [    3.404386] PCI: Using ACPI for IRQ routing
Apr  5 17:10:31 instance-8 kernel: [    3.405181] amd_nb: Cannot enumerate AMD northbridges
Apr  5 17:10:31 instance-8 kernel: [    3.405906] Switched to clocksource kvm-clock
Apr  5 17:10:31 instance-8 kernel: [    3.412729] pnp: PnP ACPI init
Apr  5 17:10:31 instance-8 kernel: [    3.413347] ACPI: bus type PNP registered
Apr  5 17:10:31 instance-8 kernel: [    3.414711] pnp: PnP ACPI: found 7 devices
Apr  5 17:10:31 instance-8 kernel: [    3.415309] ACPI: bus type PNP unregistered
Apr  5 17:10:31 instance-8 kernel: [    3.421408] NET: Registered protocol family 2
Apr  5 17:10:31 instance-8 kernel: [    3.422297] TCP established hash table entries: 32768 (order: 6, 262144 bytes)
Apr  5 17:10:31 instance-8 kernel: [    3.423335] TCP bind hash table entries: 32768 (order: 7, 524288 bytes)
Apr  5 17:10:31 instance-8 kernel: [    3.424324] TCP: Hash tables configured (established 32768 bind 32768)
Apr  5 17:10:31 instance-8 kernel: [    3.425513] TCP: reno registered
Apr  5 17:10:31 instance-8 kernel: [    3.425996] UDP hash table entries: 2048 (order: 4, 65536 bytes)
Apr  5 17:10:31 instance-8 kernel: [    3.427002] UDP-Lite hash table entries: 2048 (order: 4, 65536 bytes)
Apr  5 17:10:31 instance-8 kernel: [    3.427953] NET: Registered protocol family 1
Apr  5 17:10:31 instance-8 kernel: [    3.428673] pci 0000:00:00.0: Limiting direct PCI/PCI transfers
Apr  5 17:10:31 instance-8 kernel: [    3.430025] Unpacking initramfs...
Apr  5 17:10:31 instance-8 kernel: [    3.691969] Freeing initrd memory: 15296K (ffff880036210000 - ffff880037100000)
Apr  5 17:10:31 instance-8 kernel: [    3.693937] PCI-DMA: Using software bounce buffering for IO (SWIOTLB)
Apr  5 17:10:31 instance-8 kernel: [    3.695062] software IO TLB [mem 0xbbffd000-0xbfffd000] (64MB) mapped at [ffff8800bbffd000-ffff8800bfffcfff]
Apr  5 17:10:31 instance-8 kernel: [    3.696864] microcode: CPU0 sig=0x306f0, pf=0x1, revision=0x1
Apr  5 17:10:31 instance-8 kernel: [    3.697713] microcode: Microcode Update Driver: v2.00 <tigran@aivazian.fsnet.co.uk>, Peter Oruba
Apr  5 17:10:31 instance-8 kernel: [    3.699134] futex hash table entries: 256 (order: 2, 16384 bytes)
Apr  5 17:10:31 instance-8 kernel: [    3.699977] audit: initializing netlink subsys (disabled)
Apr  5 17:10:31 instance-8 kernel: [    3.700756] audit: type=2000 audit(1491412224.423:1): initialized
Apr  5 17:10:31 instance-8 kernel: [    3.701841] HugeTLB registered 2 MB page size, pre-allocated 0 pages
Apr  5 17:10:31 instance-8 kernel: [    3.702739] zbud: loaded
Apr  5 17:10:31 instance-8 kernel: [    3.703214] VFS: Disk quotas dquot_6.5.2
Apr  5 17:10:31 instance-8 kernel: [    3.703776] Dquot-cache hash table entries: 512 (order 0, 4096 bytes)
Apr  5 17:10:31 instance-8 kernel: [    3.704698] msgmni has been set to 7419
Apr  5 17:10:31 instance-8 kernel: [    3.705519] alg: No test for stdrng (krng)
Apr  5 17:10:31 instance-8 kernel: [    3.706146] Block layer SCSI generic (bsg) driver version 0.4 loaded (major 252)
Apr  5 17:10:31 instance-8 kernel: [    3.707206] io scheduler noop registered (default)
Apr  5 17:10:31 instance-8 kernel: [    3.707938] io scheduler deadline registered
Apr  5 17:10:31 instance-8 kernel: [    3.708562] io scheduler cfq registered
Apr  5 17:10:31 instance-8 kernel: [    3.709195] pci_hotplug: PCI Hot Plug PCI Core version: 0.5
Apr  5 17:10:31 instance-8 kernel: [    3.710161] pciehp: PCI Express Hot Plug Controller Driver version: 0.4
Apr  5 17:10:31 instance-8 kernel: [    3.711106] GHES: HEST is not enabled!
Apr  5 17:10:31 instance-8 kernel: [    3.711735] Serial: 8250/16550 driver, 4 ports, IRQ sharing enabled
Apr  5 17:10:31 instance-8 kernel: [    3.734034] 00:03: ttyS0 at I/O 0x3f8 (irq = 4, base_baud = 115200) is a 16550A
Apr  5 17:10:31 instance-8 kernel: [    3.757414] 00:04: ttyS1 at I/O 0x2f8 (irq = 3, base_baud = 115200) is a 16550A
Apr  5 17:10:31 instance-8 kernel: [    3.780806] 00:05: ttyS2 at I/O 0x3e8 (irq = 6, base_baud = 115200) is a 16550A
Apr  5 17:10:31 instance-8 kernel: [    3.803990] 00:06: ttyS3 at I/O 0x2e8 (irq = 7, base_baud = 115200) is a 16550A
Apr  5 17:10:31 instance-8 kernel: [    3.805978] Linux agpgart interface v0.103
Apr  5 17:10:31 instance-8 kernel: [    3.807121] i8042: PNP: PS/2 Controller [PNP0303:KBD,PNP0f13:MOU] at 0x60,0x64 irq 1,12
Apr  5 17:10:31 instance-8 kernel: [    3.809446] i8042: Warning: Keylock active
Apr  5 17:10:31 instance-8 kernel: [    3.811307] serio: i8042 KBD port at 0x60,0x64 irq 1
Apr  5 17:10:31 instance-8 kernel: [    3.812498] serio: i8042 AUX port at 0x60,0x64 irq 12
Apr  5 17:10:31 instance-8 kernel: [    3.813863] mousedev: PS/2 mouse device common for all mice
Apr  5 17:10:31 instance-8 kernel: [    3.815427] rtc_cmos 00:00: RTC can wake from S4
Apr  5 17:10:31 instance-8 kernel: [    3.816843] rtc_cmos 00:00: rtc core: registered rtc_cmos as rtc0
Apr  5 17:10:31 instance-8 kernel: [    3.818477] rtc_cmos 00:00: alarms up to one day, 114 bytes nvram
Apr  5 17:10:31 instance-8 kernel: [    3.820039] ledtrig-cpu: registered to indicate activity on CPUs
Apr  5 17:10:31 instance-8 kernel: [    3.821491] AMD IOMMUv2 driver by Joerg Roedel <joerg.roedel@amd.com>
Apr  5 17:10:31 instance-8 kernel: [    3.823065] AMD IOMMUv2 functionality not available on this system
Apr  5 17:10:31 instance-8 kernel: [    3.824576] TCP: cubic registered
Apr  5 17:10:31 instance-8 kernel: [    3.825459] NET: Registered protocol family 10
Apr  5 17:10:31 instance-8 kernel: [    3.826751] mip6: Mobile IPv6
Apr  5 17:10:31 instance-8 kernel: [    3.827311] NET: Registered protocol family 17
Apr  5 17:10:31 instance-8 kernel: [    3.828524] mpls_gso: MPLS GSO support
Apr  5 17:10:31 instance-8 kernel: [    3.829705] registered taskstats version 1
Apr  5 17:10:31 instance-8 kernel: [    3.831008] rtc_cmos 00:00: setting system clock to 2017-04-05 17:10:24 UTC (1491412224)
Apr  5 17:10:31 instance-8 kernel: [    3.834232] Freeing unused kernel memory: 1208K (ffffffff818fc000 - ffffffff81a2a000)
Apr  5 17:10:31 instance-8 kernel: [    3.835736] Write protecting the kernel read-only data: 8192k
Apr  5 17:10:31 instance-8 kernel: [    3.837024] Freeing unused kernel memory: 816K (ffff880001534000 - ffff880001600000)
Apr  5 17:10:31 instance-8 kernel: [    3.838623] Freeing unused kernel memory: 224K (ffff8800017c8000 - ffff880001800000)
Apr  5 17:10:31 instance-8 kernel: [    3.850423] random: systemd-udevd: uninitialized urandom read (16 bytes read, 1 bits of entropy available)
Apr  5 17:10:31 instance-8 kernel: [    3.873206] ACPI: PCI Interrupt Link [LNKC] enabled at IRQ 11
Apr  5 17:10:31 instance-8 kernel: [    3.891752] ACPI: PCI Interrupt Link [LNKD] enabled at IRQ 10
Apr  5 17:10:31 instance-8 kernel: [    3.908506] SCSI subsystem initialized
Apr  5 17:10:31 instance-8 kernel: [    3.969037] scsi0 : Virtio SCSI HBA
Apr  5 17:10:31 instance-8 kernel: [    3.973292] scsi 0:0:1:0: Direct-Access     Google   PersistentDisk   1    PQ: 0 ANSI: 6
Apr  5 17:10:31 instance-8 kernel: [    3.974543] Akai:	UID	PID	PPID	on-CPU	STIME	CMD 
Apr  5 17:10:31 instance-8 kernel: [    3.975180] Akai: 0	1	0	0	0	init 
Apr  5 17:10:31 instance-8 kernel: [    3.975724] Akai: 0	2	0	0	0	kthreadd 
Apr  5 17:10:31 instance-8 kernel: [    3.976242] Akai: 0	3	2	0	0	ksoftirqd/0 
Apr  5 17:10:31 instance-8 kernel: [    3.976782] Akai: 0	4	2	0	0	kworker/0:0 
Apr  5 17:10:31 instance-8 kernel: [    3.977377] Akai: 0	5	2	0	0	kworker/0:0H 
Apr  5 17:10:31 instance-8 kernel: [    3.977953] Akai: 0	6	2	0	0	kworker/u2:0 
Apr  5 17:10:31 instance-8 kernel: [    3.978559] Akai: 0	7	2	0	0	rcu_sched 
Apr  5 17:10:31 instance-8 kernel: [    3.979098] Akai: 0	8	2	0	0	rcu_bh 
Apr  5 17:10:31 instance-8 kernel: [    3.979608] Akai: 0	9	2	0	0	migration/0 
Apr  5 17:10:31 instance-8 kernel: [    3.980166] Akai: 0	10	2	0	0	watchdog/0 
Apr  5 17:10:31 instance-8 kernel: [    3.980732] Akai: 0	11	2	0	0	khelper 
Apr  5 17:10:31 instance-8 kernel: [    3.981282] Akai: 0	12	2	0	0	kdevtmpfs 
Apr  5 17:10:31 instance-8 kernel: [    3.981834] Akai: 0	13	2	0	0	netns 
Apr  5 17:10:31 instance-8 kernel: [    3.982325] Akai: 0	14	2	0	0	khungtaskd 
Apr  5 17:10:31 instance-8 kernel: [    3.982866] Akai: 0	15	2	0	0	writeback 
Apr  5 17:10:31 instance-8 kernel: [    3.983412] Akai: 0	16	2	0	0	ksmd 
Apr  5 17:10:31 instance-8 kernel: [    3.983923] Akai: 0	17	2	0	0	khugepaged 
Apr  5 17:10:31 instance-8 kernel: [    3.984464] Akai: 0	18	2	0	0	crypto 
Apr  5 17:10:31 instance-8 kernel: [    3.984980] Akai: 0	19	2	0	0	kintegrityd 
Apr  5 17:10:31 instance-8 kernel: [    3.985533] Akai: 0	20	2	0	0	bioset 
Apr  5 17:10:31 instance-8 kernel: [    3.986058] Akai: 0	21	2	0	0	kblockd 
Apr  5 17:10:31 instance-8 kernel: [    3.986584] Akai: 0	22	2	0	0	kworker/0:1 
Apr  5 17:10:31 instance-8 kernel: [    3.987135] Akai: 0	23	2	0	0	kworker/u2:1 
Apr  5 17:10:31 instance-8 kernel: [    3.987699] Akai: 0	26	2	0	0	kswapd0 
Apr  5 17:10:31 instance-8 kernel: [    3.988366] Akai: 0	27	2	0	0	vmstat 
Apr  5 17:10:31 instance-8 kernel: [    3.988931] Akai: 0	28	2	0	0	fsnotify_mark 
Apr  5 17:10:31 instance-8 kernel: [    3.989617] Akai: 0	34	2	0	0	kthrotld 
Apr  5 17:10:31 instance-8 kernel: [    3.990141] Akai: 0	35	2	0	0	ipv6_addrconf 
Apr  5 17:10:31 instance-8 kernel: [    3.990755] Akai: 0	36	2	0	0	kworker/0:2 
Apr  5 17:10:31 instance-8 kernel: [    3.991345] Akai: 0	37	2	0	0	deferwq 
Apr  5 17:10:31 instance-8 kernel: [    3.991905] Akai: 0	55	1	0	0	udev 
Apr  5 17:10:31 instance-8 kernel: [    3.992453] Akai: 0	57	1	0	0	systemd-udevd 
Apr  5 17:10:31 instance-8 kernel: [    3.993168] Akai: 0	59	55	0	0	udevadm 
Apr  5 17:10:31 instance-8 kernel: [    3.993880] Akai: 0	60	57	0	0	systemd-udevd 
Apr  5 17:10:31 instance-8 kernel: [    3.994490] Akai: 0	61	57	0	0	systemd-udevd 
Apr  5 17:10:31 instance-8 kernel: [    3.995076] Akai: 0	62	57	0	0	systemd-udevd 
Apr  5 17:10:31 instance-8 kernel: [    3.995660] Akai: 0	63	57	0	0	systemd-udevd 
Apr  5 17:10:31 instance-8 kernel: [    3.996323] Akai: 0	64	57	0	0	systemd-udevd 
Apr  5 17:10:31 instance-8 kernel: [    3.997056] Akai: 0	65	57	0	0	systemd-udevd 
Apr  5 17:10:31 instance-8 kernel: [    3.997740] Akai: 0	66	57	0	0	systemd-udevd 
Apr  5 17:10:31 instance-8 kernel: [    3.998448] Akai: 0	67	57	0	0	systemd-udevd 
Apr  5 17:10:31 instance-8 kernel: [    3.999212] Akai: 0	68	57	0	0	systemd-udevd 
Apr  5 17:10:31 instance-8 kernel: [    3.999879] Akai: 0	69	57	0	0	systemd-udevd 
Apr  5 17:10:31 instance-8 kernel: [    4.000620] Akai: 0	70	2	0	0	kpsmoused 
Apr  5 17:10:31 instance-8 kernel: [    4.001192] Akai: 0	73	2	0	0	scsi_eh_0 
Apr  5 17:10:31 instance-8 kernel: [    4.001882] Akai: 0	74	2	0	0	scsi_tmf_0 
Apr  5 17:10:31 instance-8 kernel: [    4.002550] Akai: 0	75	2	0	0	kworker/u2:2 
Apr  5 17:10:31 instance-8 kernel: [    4.012172] sd 0:0:1:0: [sda] 41943040 512-byte logical blocks: (21.4 GB/20.0 GiB)
Apr  5 17:10:31 instance-8 kernel: [    4.013343] sd 0:0:1:0: [sda] 4096-byte physical blocks
Apr  5 17:10:31 instance-8 kernel: [    4.014301] input: AT Translated Set 2 keyboard as /devices/platform/i8042/serio0/input/input0
Apr  5 17:10:31 instance-8 kernel: [    4.017616] sd 0:0:1:0: [sda] Write Protect is off
Apr  5 17:10:31 instance-8 kernel: [    4.018513] sd 0:0:1:0: [sda] Write cache: enabled, read cache: enabled, doesn't support DPO or FUA
Apr  5 17:10:31 instance-8 kernel: [    4.021390]  sda: sda1
Apr  5 17:10:31 instance-8 kernel: [    4.022388] sd 0:0:1:0: [sda] Attached SCSI disk
Apr  5 17:10:31 instance-8 kernel: [    4.023595] sd 0:0:1:0: Attached scsi generic sg0 type 0
Apr  5 17:10:31 instance-8 kernel: [    4.214769] psmouse serio1: alps: Unknown ALPS touchpad: E7=10 00 64, EC=10 00 64
Apr  5 17:10:31 instance-8 kernel: [    4.647452] input: ImPS/2 Generic Wheel Mouse as /devices/platform/i8042/serio1/input/input2
Apr  5 17:10:31 instance-8 kernel: [    4.694001] tsc: Refined TSC clocksource calibration: 2299.917 MHz
Apr  5 17:10:31 instance-8 kernel: [    5.823729] random: nonblocking pool is initialized
Apr  5 17:10:31 instance-8 kernel: [    6.070752] EXT4-fs (sda1): mounted filesystem with ordered data mode. Opts: (null)
Apr  5 17:10:31 instance-8 kernel: [    8.327479] EXT4-fs (sda1): re-mounted. Opts: (null)
Apr  5 17:10:31 instance-8 kernel: [    8.911960] input: Power Button as /devices/LNXSYSTM:00/LNXPWRBN:00/input/input3
Apr  5 17:10:31 instance-8 kernel: [    8.913837] ACPI: Power Button [PWRF]
Apr  5 17:10:31 instance-8 kernel: [    8.915924] input: Sleep Button as /devices/LNXSYSTM:00/LNXSLPBN:00/input/input4
Apr  5 17:10:31 instance-8 kernel: [    8.925947] ACPI: Sleep Button [SLPF]
Apr  5 17:10:31 instance-8 kernel: [    9.019367] ppdev: user-space parallel port driver
Apr  5 17:10:31 instance-8 kernel: [    9.093106] AVX2 version of gcm_enc/dec engaged.
Apr  5 17:10:31 instance-8 kernel: [    9.095578] alg: No test for __gcm-aes-aesni (__driver-gcm-aes-aesni)
Apr  5 17:10:31 instance-8 kernel: [    9.113884] alg: No test for crc32 (crc32-pclmul)
Apr  5 17:10:31 instance-8 expand-root: growpart failed. Unable to expand size.
Apr  5 17:10:34 instance-8 rsyslogd-2007: action 'action 18' suspended, next retry is Wed Apr  5 17:11:04 2017 [try http://www.rsyslog.com/e/2007 ]
Apr  5 17:25:42 instance-8 kernel: [  921.343252] device-mapper: uevent: version 1.0.3
Apr  5 17:25:42 instance-8 kernel: [  921.352229] device-mapper: ioctl: 4.27.0-ioctl (2013-10-30) initialised: dm-devel@redhat.com
Apr  5 17:26:07 instance-8 rsyslogd: [origin software="rsyslogd" swVersion="8.4.2" x-pid="409" x-info="http://www.rsyslog.com"] exiting on signal 15.
Apr  5 17:26:20 instance-8 rsyslogd: [origin software="rsyslogd" swVersion="8.4.2" x-pid="368" x-info="http://www.rsyslog.com"] start
Apr  5 17:26:20 instance-8 kernel: [    0.000000] Initializing cgroup subsys cpuset
Apr  5 17:26:20 instance-8 kernel: [    0.000000] Initializing cgroup subsys cpu
Apr  5 17:26:20 instance-8 kernel: [    0.000000] Initializing cgroup subsys cpuacct
Apr  5 17:26:20 instance-8 kernel: [    0.000000] Linux version 3.16.39-falcot (kh276@instance-8) (gcc version 4.9.2 (Debian 4.9.2-10) ) #51 SMP Wed Apr 5 17:20:06 UTC 2017
Apr  5 17:26:20 instance-8 kernel: [    0.000000] Command line: BOOT_IMAGE=/boot/vmlinuz-3.16.39-falcot root=UUID=51f08c7e-588b-4101-88ec-71966f154b99 ro console=ttyS0,38400n8 elevator=noop
Apr  5 17:26:20 instance-8 kernel: [    0.000000] e820: BIOS-provided physical RAM map:
Apr  5 17:26:20 instance-8 kernel: [    0.000000] BIOS-e820: [mem 0x0000000000000000-0x000000000009fbff] usable
Apr  5 17:26:20 instance-8 kernel: [    0.000000] BIOS-e820: [mem 0x000000000009fc00-0x000000000009ffff] reserved
Apr  5 17:26:20 instance-8 kernel: [    0.000000] BIOS-e820: [mem 0x00000000000f0000-0x00000000000fffff] reserved
Apr  5 17:26:20 instance-8 kernel: [    0.000000] BIOS-e820: [mem 0x0000000000100000-0x00000000bfffcfff] usable
Apr  5 17:26:20 instance-8 kernel: [    0.000000] BIOS-e820: [mem 0x00000000bfffd000-0x00000000bfffffff] reserved
Apr  5 17:26:20 instance-8 kernel: [    0.000000] BIOS-e820: [mem 0x00000000fffbc000-0x00000000ffffffff] reserved
Apr  5 17:26:20 instance-8 kernel: [    0.000000] BIOS-e820: [mem 0x0000000100000000-0x000000012fffffff] usable
Apr  5 17:26:20 instance-8 kernel: [    0.000000] Kai-Chen_Hsieh: setup_arch(): command_line = BOOT_IMAGE=/boot/vmlinuz-3.16.39-falcot root=UUID=51f08c7e-588b-4101-88ec-71966f154b99 ro console=ttyS0,38400n8 elevator=noop 
Apr  5 17:26:20 instance-8 kernel: [    0.000000] Kai-Chen_Hsieh: parse_early_param(): setup_arch() code calls this early on 
Apr  5 17:26:20 instance-8 kernel: [    0.000000] NX (Execute Disable) protection: active
Apr  5 17:26:20 instance-8 kernel: [    0.000000] SMBIOS 2.4 present.
Apr  5 17:26:20 instance-8 kernel: [    0.000000] Hypervisor detected: KVM
Apr  5 17:26:20 instance-8 kernel: [    0.000000] AGP: No AGP bridge found
Apr  5 17:26:20 instance-8 kernel: [    0.000000] e820: last_pfn = 0x130000 max_arch_pfn = 0x400000000
Apr  5 17:26:20 instance-8 kernel: [    0.000000] x86 PAT enabled: cpu 0, old 0x70106, new 0x7010600070106
Apr  5 17:26:20 instance-8 kernel: [    0.000000] e820: last_pfn = 0xbfffd max_arch_pfn = 0x400000000
Apr  5 17:26:20 instance-8 kernel: [    0.000000] found SMP MP-table at [mem 0x000f3450-0x000f345f] mapped at [ffff8800000f3450]
Apr  5 17:26:20 instance-8 kernel: [    0.000000] Using GB pages for direct mapping
Apr  5 17:26:20 instance-8 kernel: [    0.000000] init_memory_mapping: [mem 0x00000000-0x000fffff]
Apr  5 17:26:20 instance-8 kernel: [    0.000000] init_memory_mapping: [mem 0x12fe00000-0x12fffffff]
Apr  5 17:26:20 instance-8 kernel: [    0.000000] init_memory_mapping: [mem 0x12c000000-0x12fdfffff]
Apr  5 17:26:20 instance-8 kernel: [    0.000000] init_memory_mapping: [mem 0x100000000-0x12bffffff]
Apr  5 17:26:20 instance-8 kernel: [    0.000000] init_memory_mapping: [mem 0x00100000-0xbfffcfff]
Apr  5 17:26:20 instance-8 kernel: [    0.000000] RAMDISK: [mem 0x36210000-0x370fffff]
Apr  5 17:26:20 instance-8 kernel: [    0.000000] ACPI: Early table checksum verification disabled
Apr  5 17:26:20 instance-8 kernel: [    0.000000] ACPI: RSDP 0x00000000000F3240 000014 (v00 Google)
Apr  5 17:26:20 instance-8 kernel: [    0.000000] ACPI: RSDT 0x00000000BFFFDF60 000034 (v01 Google GOOGRSDT 00000001 GOOG 00000001)
Apr  5 17:26:20 instance-8 kernel: [    0.000000] ACPI: FACP 0x00000000BFFFFF00 0000F4 (v02 Google GOOGFACP 00000001 GOOG 00000001)
Apr  5 17:26:20 instance-8 kernel: [    0.000000] ACPI: DSDT 0x00000000BFFFDFA0 0015A3 (v01 Google GOOGDSDT 00000001 GOOG 00000001)
Apr  5 17:26:20 instance-8 kernel: [    0.000000] ACPI: FACS 0x00000000BFFFFEC0 000040
Apr  5 17:26:20 instance-8 kernel: [    0.000000] ACPI: FACS 0x00000000BFFFFEC0 000040
Apr  5 17:26:20 instance-8 kernel: [    0.000000] ACPI: SSDT 0x00000000BFFFF670 000843 (v01 Google GOOGSSDT 00000001 GOOG 00000001)
Apr  5 17:26:20 instance-8 kernel: [    0.000000] ACPI: APIC 0x00000000BFFFF580 00006E (v01 Google GOOGAPIC 00000001 GOOG 00000001)
Apr  5 17:26:20 instance-8 kernel: [    0.000000] ACPI: WAET 0x00000000BFFFF550 000028 (v01 Google GOOGWAET 00000001 GOOG 00000001)
Apr  5 17:26:20 instance-8 kernel: [    0.000000] No NUMA configuration found
Apr  5 17:26:20 instance-8 kernel: [    0.000000] Faking a node at [mem 0x0000000000000000-0x000000012fffffff]
Apr  5 17:26:20 instance-8 kernel: [    0.000000] Initmem setup node 0 [mem 0x00000000-0x12fffffff]
Apr  5 17:26:20 instance-8 kernel: [    0.000000]   NODE_DATA [mem 0x12fff9000-0x12fffdfff]
Apr  5 17:26:20 instance-8 kernel: [    0.000000] kvm-clock: Using msrs 4b564d01 and 4b564d00
Apr  5 17:26:20 instance-8 kernel: [    0.000000] kvm-clock: cpu 0, msr 1:2fff1001, primary cpu clock
Apr  5 17:26:20 instance-8 kernel: [    0.000000] Zone ranges:
Apr  5 17:26:20 instance-8 kernel: [    0.000000]   DMA      [mem 0x00001000-0x00ffffff]
Apr  5 17:26:20 instance-8 kernel: [    0.000000]   DMA32    [mem 0x01000000-0xffffffff]
Apr  5 17:26:20 instance-8 kernel: [    0.000000]   Normal   [mem 0x100000000-0x12fffffff]
Apr  5 17:26:20 instance-8 kernel: [    0.000000] Movable zone start for each node
Apr  5 17:26:20 instance-8 kernel: [    0.000000] Early memory node ranges
Apr  5 17:26:20 instance-8 kernel: [    0.000000]   node   0: [mem 0x00001000-0x0009efff]
Apr  5 17:26:20 instance-8 kernel: [    0.000000]   node   0: [mem 0x00100000-0xbfffcfff]
Apr  5 17:26:20 instance-8 kernel: [    0.000000]   node   0: [mem 0x100000000-0x12fffffff]
Apr  5 17:26:20 instance-8 kernel: [    0.000000] ACPI: PM-Timer IO Port: 0xb008
Apr  5 17:26:20 instance-8 kernel: [    0.000000] ACPI: LAPIC (acpi_id[0x00] lapic_id[0x00] enabled)
Apr  5 17:26:20 instance-8 kernel: [    0.000000] ACPI: LAPIC_NMI (acpi_id[0xff] dfl dfl lint[0x1])
Apr  5 17:26:20 instance-8 kernel: [    0.000000] ACPI: IOAPIC (id[0x00] address[0xfec00000] gsi_base[0])
Apr  5 17:26:20 instance-8 kernel: [    0.000000] IOAPIC[0]: apic_id 0, version 17, address 0xfec00000, GSI 0-23
Apr  5 17:26:20 instance-8 kernel: [    0.000000] ACPI: INT_SRC_OVR (bus 0 bus_irq 5 global_irq 5 high level)
Apr  5 17:26:20 instance-8 kernel: [    0.000000] ACPI: INT_SRC_OVR (bus 0 bus_irq 9 global_irq 9 high level)
Apr  5 17:26:20 instance-8 kernel: [    0.000000] ACPI: INT_SRC_OVR (bus 0 bus_irq 10 global_irq 10 high level)
Apr  5 17:26:20 instance-8 kernel: [    0.000000] ACPI: INT_SRC_OVR (bus 0 bus_irq 11 global_irq 11 high level)
Apr  5 17:26:20 instance-8 kernel: [    0.000000] Using ACPI (MADT) for SMP configuration information
Apr  5 17:26:20 instance-8 kernel: [    0.000000] smpboot: Allowing 1 CPUs, 0 hotplug CPUs
Apr  5 17:26:20 instance-8 kernel: [    0.000000] PM: Registered nosave memory: [mem 0x0009f000-0x0009ffff]
Apr  5 17:26:20 instance-8 kernel: [    0.000000] PM: Registered nosave memory: [mem 0x000a0000-0x000effff]
Apr  5 17:26:20 instance-8 kernel: [    0.000000] PM: Registered nosave memory: [mem 0x000f0000-0x000fffff]
Apr  5 17:26:20 instance-8 kernel: [    0.000000] PM: Registered nosave memory: [mem 0xbfffd000-0xbfffffff]
Apr  5 17:26:20 instance-8 kernel: [    0.000000] PM: Registered nosave memory: [mem 0xc0000000-0xfffbbfff]
Apr  5 17:26:20 instance-8 kernel: [    0.000000] PM: Registered nosave memory: [mem 0xfffbc000-0xffffffff]
Apr  5 17:26:20 instance-8 kernel: [    0.000000] e820: [mem 0xc0000000-0xfffbbfff] available for PCI devices
Apr  5 17:26:20 instance-8 kernel: [    0.000000] Booting paravirtualized kernel on KVM
Apr  5 17:26:20 instance-8 kernel: [    0.000000] setup_percpu: NR_CPUS:512 nr_cpumask_bits:512 nr_cpu_ids:1 nr_node_ids:1
Apr  5 17:26:20 instance-8 kernel: [    0.000000] PERCPU: Embedded 28 pages/cpu @ffff88012fc00000 s82176 r8192 d24320 u2097152
Apr  5 17:26:20 instance-8 kernel: [    0.000000] Built 1 zonelists in Node order, mobility grouping on.  Total pages: 969478
Apr  5 17:26:20 instance-8 kernel: [    0.000000] Policy zone: Normal
Apr  5 17:26:20 instance-8 kernel: [    0.000000] Kai-Chen_Hsieh: page_alloc_init(): this function calls hotcpu_notifier() 
Apr  5 17:26:20 instance-8 kernel: [    0.000000] Kernel command line: BOOT_IMAGE=/boot/vmlinuz-3.16.39-falcot root=UUID=51f08c7e-588b-4101-88ec-71966f154b99 ro console=ttyS0,38400n8 elevator=noop
Apr  5 17:26:20 instance-8 kernel: [    0.000000] Kai-Chen_Hsieh: parse_early_param(): setup_arch() code calls this early on 
Apr  5 17:26:20 instance-8 kernel: [    0.000000] PID hash table entries: 4096 (order: 3, 32768 bytes)
Apr  5 17:26:20 instance-8 kernel: [    0.000000] Kai Chen, Hsieh: trap_init(): initialize traps 
Apr  5 17:26:20 instance-8 kernel: [    0.000000] xsave: enabled xstate_bv 0x7, cntxt size 0x340
Apr  5 17:26:20 instance-8 kernel: [    0.000000] Kai Chen, Hsieh: mm_init(): calls mem_init() and kmem_cache_init() 
Apr  5 17:26:20 instance-8 kernel: [    0.000000] AGP: Checking aperture...
Apr  5 17:26:20 instance-8 kernel: [    0.000000] AGP: No AGP bridge found
Apr  5 17:26:20 instance-8 kernel: [    0.000000] Memory: 3783300K/3931756K available (5318K kernel code, 1003K rwdata, 1824K rodata, 1208K init, 848K bss, 148456K reserved)
Apr  5 17:26:20 instance-8 kernel: [    0.000000] Hierarchical RCU implementation.
Apr  5 17:26:20 instance-8 kernel: [    0.000000] 	RCU dyntick-idle grace-period acceleration is enabled.
Apr  5 17:26:20 instance-8 kernel: [    0.000000] 	RCU restricting CPUs from NR_CPUS=512 to nr_cpu_ids=1.
Apr  5 17:26:20 instance-8 kernel: [    0.000000] RCU: Adjusting geometry for rcu_fanout_leaf=16, nr_cpu_ids=1
Apr  5 17:26:20 instance-8 kernel: [    0.000000] NR_IRQS:33024 nr_irqs:256 16
Apr  5 17:26:20 instance-8 kernel: [    0.000000] Console: colour VGA+ 80x25
Apr  5 17:26:20 instance-8 kernel: [    0.000000] console [ttyS0] enabled
Apr  5 17:26:20 instance-8 kernel: [    0.000000] tsc: Detected 2300.000 MHz processor
Apr  5 17:26:20 instance-8 kernel: [    2.552616] Calibrating delay loop (skipped) preset value.. 4600.00 BogoMIPS (lpj=9200000)
Apr  5 17:26:20 instance-8 kernel: [    2.553937] pid_max: default: 32768 minimum: 301
Apr  5 17:26:20 instance-8 kernel: [    2.554627] ACPI: Core revision 20140424
Apr  5 17:26:20 instance-8 kernel: [    2.556277] ACPI: All ACPI Tables successfully acquired
Apr  5 17:26:20 instance-8 kernel: [    2.557154] Security Framework initialized
Apr  5 17:26:20 instance-8 kernel: [    2.557739] AppArmor: AppArmor disabled by boot time parameter
Apr  5 17:26:20 instance-8 kernel: [    2.558540] Yama: disabled by default; enable with sysctl kernel.yama.*
Apr  5 17:26:20 instance-8 kernel: [    2.560563] Dentry cache hash table entries: 524288 (order: 10, 4194304 bytes)
Apr  5 17:26:20 instance-8 kernel: [    2.563278] Inode-cache hash table entries: 262144 (order: 9, 2097152 bytes)
Apr  5 17:26:20 instance-8 kernel: [    2.564721] Mount-cache hash table entries: 8192 (order: 4, 65536 bytes)
Apr  5 17:26:20 instance-8 kernel: [    2.565864] Mountpoint-cache hash table entries: 8192 (order: 4, 65536 bytes)
Apr  5 17:26:20 instance-8 kernel: [    2.567146] Initializing cgroup subsys memory
Apr  5 17:26:20 instance-8 kernel: [    2.567886] Initializing cgroup subsys devices
Apr  5 17:26:20 instance-8 kernel: [    2.568584] Initializing cgroup subsys freezer
Apr  5 17:26:20 instance-8 kernel: [    2.569236] Initializing cgroup subsys net_cls
Apr  5 17:26:20 instance-8 kernel: [    2.569858] Initializing cgroup subsys blkio
Apr  5 17:26:20 instance-8 kernel: [    2.570464] Initializing cgroup subsys perf_event
Apr  5 17:26:20 instance-8 kernel: [    2.571158] Initializing cgroup subsys net_prio
Apr  5 17:26:20 instance-8 kernel: [    2.571949] CPU: Physical Processor ID: 0
Apr  5 17:26:20 instance-8 kernel: [    2.572592] CPU: Processor Core ID: 0
Apr  5 17:26:20 instance-8 kernel: [    2.574490] mce: CPU supports 32 MCE banks
Apr  5 17:26:20 instance-8 kernel: [    2.575395] Last level iTLB entries: 4KB 1024, 2MB 1024, 4MB 1024
Apr  5 17:26:20 instance-8 kernel: [    2.575395] Last level dTLB entries: 4KB 1024, 2MB 1024, 4MB 1024, 1GB 4
Apr  5 17:26:20 instance-8 kernel: [    2.575395] tlb_flushall_shift: 6
Apr  5 17:26:20 instance-8 kernel: [    2.584763] Freeing SMP alternatives memory: 20K (ffffffff81a2a000 - ffffffff81a2f000)
Apr  5 17:26:20 instance-8 kernel: [    2.588925] ftrace: allocating 21748 entries in 85 pages
Apr  5 17:26:20 instance-8 kernel: [    2.611997] Akai: runqueues->nr_switches: 1 
Apr  5 17:26:20 instance-8 kernel: [    2.613035] Akai: entering context_switch() 
Apr  5 17:26:20 instance-8 kernel: [    2.613660] Akai: runqueues->nr_switches: 2 
Apr  5 17:26:20 instance-8 kernel: [    2.614570] Akai: entering context_switch() 
Apr  5 17:26:20 instance-8 kernel: [    2.616575] Enabling x2apic
Apr  5 17:26:20 instance-8 kernel: [    2.616996] Enabled x2apic
Apr  5 17:26:20 instance-8 kernel: [    2.618344] Switched APIC routing to physical x2apic.
Apr  5 17:26:20 instance-8 kernel: [    2.622148] ..TIMER: vector=0x30 apic1=0 pin1=0 apic2=-1 pin2=-1
Apr  5 17:26:20 instance-8 kernel: [    2.623177] smpboot: CPU0: Intel(R) Xeon(R) CPU @ 2.30GHz (fam: 06, model: 3f, stepping: 00)
Apr  5 17:26:20 instance-8 kernel: [    2.731842] Performance Events: unsupported p6 CPU model 63 no PMU driver, software events only.
Apr  5 17:26:20 instance-8 kernel: [    2.733268] Akai: runqueues->nr_switches: 3 
Apr  5 17:26:20 instance-8 kernel: [    2.733874] Akai: entering context_switch() 
Apr  5 17:26:20 instance-8 kernel: [    2.734488] Akai: runqueues->nr_switches: 4 
Apr  5 17:26:20 instance-8 kernel: [    2.735099] Akai: entering context_switch() 
Apr  5 17:26:20 instance-8 kernel: [    2.735730] Akai: runqueues->nr_switches: 5 
Apr  5 17:26:20 instance-8 kernel: [    2.736344] Akai: entering context_switch() 
Apr  5 17:26:20 instance-8 kernel: [    2.736950] Akai: runqueues->nr_switches: 6 
Apr  5 17:26:20 instance-8 kernel: [    2.737535] Akai: entering context_switch() 
Apr  5 17:26:20 instance-8 kernel: [    2.738150] Akai: runqueues->nr_switches: 7 
Apr  5 17:26:20 instance-8 kernel: [    2.738745] Akai: entering context_switch() 
Apr  5 17:26:20 instance-8 kernel: [    2.739419] Akai: runqueues->nr_switches: 8 
Apr  5 17:26:20 instance-8 kernel: [    2.740064] Akai: entering context_switch() 
Apr  5 17:26:20 instance-8 kernel: [    2.740724] Akai: runqueues->nr_switches: 9 
Apr  5 17:26:20 instance-8 kernel: [    2.741328] Akai: entering context_switch() 
Apr  5 17:26:20 instance-8 kernel: [    2.741931] Akai: runqueues->nr_switches: 10 
Apr  5 17:26:20 instance-8 kernel: [    2.742537] Akai: entering context_switch() 
Apr  5 17:26:20 instance-8 kernel: [    2.743185] Akai: runqueues->nr_switches: 11 
Apr  5 17:26:20 instance-8 kernel: [    2.743801] Akai: entering context_switch() 
Apr  5 17:26:20 instance-8 kernel: [    2.744412] Akai: runqueues->nr_switches: 12 
Apr  5 17:26:20 instance-8 kernel: [    2.745023] Akai: entering context_switch() 
Apr  5 17:26:20 instance-8 kernel: [    2.745669] Akai: runqueues->nr_switches: 13 
Apr  5 17:26:20 instance-8 kernel: [    2.746286] Akai: entering context_switch() 
Apr  5 17:26:20 instance-8 kernel: [    2.746883] Akai: runqueues->nr_switches: 14 
Apr  5 17:26:20 instance-8 kernel: [    2.747610] Akai: entering context_switch() 
Apr  5 17:26:20 instance-8 kernel: [    2.748262] Akai: runqueues->nr_switches: 15 
Apr  5 17:26:20 instance-8 kernel: [    2.748964] Akai: entering context_switch() 
Apr  5 17:26:20 instance-8 kernel: [    2.749722] Akai: runqueues->nr_switches: 16 
Apr  5 17:26:20 instance-8 kernel: [    2.750417] Akai: entering context_switch() 
Apr  5 17:26:20 instance-8 kernel: [    2.751129] Akai: runqueues->nr_switches: 17 
Apr  5 17:26:20 instance-8 kernel: [    2.751781] Akai: entering context_switch() 
Apr  5 17:26:20 instance-8 kernel: [    2.752672] Akai: runqueues->nr_switches: 18 
Apr  5 17:26:20 instance-8 kernel: [    2.753385] Akai: entering context_switch() 
Apr  5 17:26:20 instance-8 kernel: [    2.754207] Akai: runqueues->nr_switches: 19 
Apr  5 17:26:20 instance-8 kernel: [    2.754960] Akai: entering context_switch() 
Apr  5 17:26:20 instance-8 kernel: [    2.755596] Akai: runqueues->nr_switches: 20 
Apr  5 17:26:20 instance-8 kernel: [    2.756301] Akai: entering context_switch() 
Apr  5 17:26:20 instance-8 kernel: [    2.756957] Akai: runqueues->nr_switches: 21 
Apr  5 17:26:20 instance-8 kernel: [    2.757629] Akai: entering context_switch() 
Apr  5 17:26:20 instance-8 kernel: [    2.758316] Akai: runqueues->nr_switches: 22 
Apr  5 17:26:20 instance-8 kernel: [    2.758982] Akai: entering context_switch() 
Apr  5 17:26:20 instance-8 kernel: [    2.759589] Akai: runqueues->nr_switches: 23 
Apr  5 17:26:20 instance-8 kernel: [    2.760195] Akai: entering context_switch() 
Apr  5 17:26:20 instance-8 kernel: [    2.760803] Akai: runqueues->nr_switches: 24 
Apr  5 17:26:20 instance-8 kernel: [    2.761412] Akai: entering context_switch() 
Apr  5 17:26:20 instance-8 kernel: [    2.762017] Akai: runqueues->nr_switches: 25 
Apr  5 17:26:20 instance-8 kernel: [    2.762668] Akai: entering context_switch() 
Apr  5 17:26:20 instance-8 kernel: [    2.764651] x86: Booted up 1 node, 1 CPUs
Apr  5 17:26:20 instance-8 kernel: [    2.765423] smpboot: Total of 1 processors activated (4600.00 BogoMIPS)
Apr  5 17:26:20 instance-8 kernel: [    2.767303] NMI watchdog: disabled (cpu0): hardware events not enabled
Apr  5 17:26:20 instance-8 kernel: [    2.768294] devtmpfs: initialized
Apr  5 17:26:20 instance-8 kernel: [    2.771700] pinctrl core: initialized pinctrl subsystem
Apr  5 17:26:20 instance-8 kernel: [    2.772711] NET: Registered protocol family 16
Apr  5 17:26:20 instance-8 kernel: [    2.773620] cpuidle: using governor ladder
Apr  5 17:26:20 instance-8 kernel: [    2.774336] cpuidle: using governor menu
Apr  5 17:26:20 instance-8 kernel: [    2.775046] ACPI: bus type PCI registered
Apr  5 17:26:20 instance-8 kernel: [    2.775683] acpiphp: ACPI Hot Plug PCI Controller Driver version: 0.5
Apr  5 17:26:20 instance-8 kernel: [    2.776943] PCI: Using configuration type 1 for base access
Apr  5 17:26:20 instance-8 kernel: [    2.779135] ACPI: Added _OSI(Module Device)
Apr  5 17:26:20 instance-8 kernel: [    2.779788] ACPI: Added _OSI(Processor Device)
Apr  5 17:26:20 instance-8 kernel: [    2.780578] ACPI: Added _OSI(3.0 _SCP Extensions)
Apr  5 17:26:20 instance-8 kernel: [    2.781256] ACPI: Added _OSI(Processor Aggregator Device)
Apr  5 17:26:20 instance-8 kernel: [    2.782788] ACPI: Executed 2 blocks of module-level executable AML code
Apr  5 17:26:20 instance-8 kernel: [    2.784734] ACPI: Interpreter enabled
Apr  5 17:26:20 instance-8 kernel: [    2.785335] ACPI Exception: AE_NOT_FOUND, While evaluating Sleep State [\_S1_] (20140424/hwxface-580)
Apr  5 17:26:20 instance-8 kernel: [    2.786848] ACPI Exception: AE_NOT_FOUND, While evaluating Sleep State [\_S2_] (20140424/hwxface-580)
Apr  5 17:26:20 instance-8 kernel: [    2.788339] ACPI: (supports S0 S3 S4 S5)
Apr  5 17:26:20 instance-8 kernel: [    2.788928] ACPI: Using IOAPIC for interrupt routing
Apr  5 17:26:20 instance-8 kernel: [    2.789678] PCI: Using host bridge windows from ACPI; if necessary, use "pci=nocrs" and report a bug
Apr  5 17:26:20 instance-8 kernel: [    2.792788] ACPI: PCI Root Bridge [PCI0] (domain 0000 [bus 00-ff])
Apr  5 17:26:20 instance-8 kernel: [    2.793810] acpi PNP0A03:00: _OSC: OS supports [ASPM ClockPM Segments MSI]
Apr  5 17:26:20 instance-8 kernel: [    2.794882] acpi PNP0A03:00: _OSC failed (AE_NOT_FOUND); disabling ASPM
Apr  5 17:26:20 instance-8 kernel: [    2.795976] acpi PNP0A03:00: fail to add MMCONFIG information, can't access extended PCI configuration space under this bridge.
Apr  5 17:26:20 instance-8 kernel: [    2.798478] PCI host bridge to bus 0000:00
Apr  5 17:26:20 instance-8 kernel: [    2.799085] pci_bus 0000:00: root bus resource [bus 00-ff]
Apr  5 17:26:20 instance-8 kernel: [    2.800001] pci_bus 0000:00: root bus resource [io  0x0000-0x0cf7]
Apr  5 17:26:20 instance-8 kernel: [    2.800879] pci_bus 0000:00: root bus resource [io  0x0d00-0xffff]
Apr  5 17:26:20 instance-8 kernel: [    2.801925] pci_bus 0000:00: root bus resource [mem 0x000a0000-0x000bffff]
Apr  5 17:26:20 instance-8 kernel: [    2.802901] pci_bus 0000:00: root bus resource [mem 0xc0000000-0xfebfffff]
Apr  5 17:26:20 instance-8 kernel: [    2.881217] pci 0000:00:01.3: quirk: [io  0xb000-0xb03f] claimed by PIIX4 ACPI
Apr  5 17:26:20 instance-8 kernel: [    2.997019] ACPI: PCI Interrupt Link [LNKA] (IRQs 5 *10 11)
Apr  5 17:26:20 instance-8 kernel: [    3.001244] ACPI: PCI Interrupt Link [LNKB] (IRQs 5 *10 11)
Apr  5 17:26:20 instance-8 kernel: [    3.005622] ACPI: PCI Interrupt Link [LNKC] (IRQs 5 10 *11)
Apr  5 17:26:20 instance-8 kernel: [    3.009797] ACPI: PCI Interrupt Link [LNKD] (IRQs 5 10 *11)
Apr  5 17:26:20 instance-8 kernel: [    3.013969] ACPI: PCI Interrupt Link [LNKS] (IRQs *9)
Apr  5 17:26:20 instance-8 kernel: [    3.015334] ACPI: Enabled 16 GPEs in block 00 to 0F
Apr  5 17:26:20 instance-8 kernel: [    3.016642] vgaarb: loaded
Apr  5 17:26:20 instance-8 kernel: [    3.017166] PCI: Using ACPI for IRQ routing
Apr  5 17:26:20 instance-8 kernel: [    3.018232] amd_nb: Cannot enumerate AMD northbridges
Apr  5 17:26:20 instance-8 kernel: [    3.019115] Switched to clocksource kvm-clock
Apr  5 17:26:20 instance-8 kernel: [    3.026762] pnp: PnP ACPI init
Apr  5 17:26:20 instance-8 kernel: [    3.027435] ACPI: bus type PNP registered
Apr  5 17:26:20 instance-8 kernel: [    3.028903] pnp: PnP ACPI: found 7 devices
Apr  5 17:26:20 instance-8 kernel: [    3.029489] ACPI: bus type PNP unregistered
Apr  5 17:26:20 instance-8 kernel: [    3.035853] NET: Registered protocol family 2
Apr  5 17:26:20 instance-8 kernel: [    3.037351] TCP established hash table entries: 32768 (order: 6, 262144 bytes)
Apr  5 17:26:20 instance-8 kernel: [    3.038664] TCP bind hash table entries: 32768 (order: 7, 524288 bytes)
Apr  5 17:26:20 instance-8 kernel: [    3.040139] TCP: Hash tables configured (established 32768 bind 32768)
Apr  5 17:26:20 instance-8 kernel: [    3.041250] TCP: reno registered
Apr  5 17:26:20 instance-8 kernel: [    3.041802] UDP hash table entries: 2048 (order: 4, 65536 bytes)
Apr  5 17:26:20 instance-8 kernel: [    3.042693] UDP-Lite hash table entries: 2048 (order: 4, 65536 bytes)
Apr  5 17:26:20 instance-8 kernel: [    3.044194] NET: Registered protocol family 1
Apr  5 17:26:20 instance-8 kernel: [    3.044854] pci 0000:00:00.0: Limiting direct PCI/PCI transfers
Apr  5 17:26:20 instance-8 kernel: [    3.046100] Unpacking initramfs...
Apr  5 17:26:20 instance-8 kernel: [    3.317667] Freeing initrd memory: 15296K (ffff880036210000 - ffff880037100000)
Apr  5 17:26:20 instance-8 kernel: [    3.319658] PCI-DMA: Using software bounce buffering for IO (SWIOTLB)
Apr  5 17:26:20 instance-8 kernel: [    3.320770] software IO TLB [mem 0xbbffd000-0xbfffd000] (64MB) mapped at [ffff8800bbffd000-ffff8800bfffcfff]
Apr  5 17:26:20 instance-8 kernel: [    3.322352] microcode: CPU0 sig=0x306f0, pf=0x1, revision=0x1
Apr  5 17:26:20 instance-8 kernel: [    3.323489] microcode: Microcode Update Driver: v2.00 <tigran@aivazian.fsnet.co.uk>, Peter Oruba
Apr  5 17:26:20 instance-8 kernel: [    3.325057] futex hash table entries: 256 (order: 2, 16384 bytes)
Apr  5 17:26:20 instance-8 kernel: [    3.326112] audit: initializing netlink subsys (disabled)
Apr  5 17:26:20 instance-8 kernel: [    3.326934] audit: type=2000 audit(1491413176.108:1): initialized
Apr  5 17:26:20 instance-8 kernel: [    3.328195] HugeTLB registered 2 MB page size, pre-allocated 0 pages
Apr  5 17:26:20 instance-8 kernel: [    3.329450] zbud: loaded
Apr  5 17:26:20 instance-8 kernel: [    3.330037] VFS: Disk quotas dquot_6.5.2
Apr  5 17:26:20 instance-8 kernel: [    3.330673] Dquot-cache hash table entries: 512 (order 0, 4096 bytes)
Apr  5 17:26:20 instance-8 kernel: [    3.331762] msgmni has been set to 7419
Apr  5 17:26:20 instance-8 kernel: [    3.332732] alg: No test for stdrng (krng)
Apr  5 17:26:20 instance-8 kernel: [    3.333409] Block layer SCSI generic (bsg) driver version 0.4 loaded (major 252)
Apr  5 17:26:20 instance-8 kernel: [    3.334608] io scheduler noop registered (default)
Apr  5 17:26:20 instance-8 kernel: [    3.335461] io scheduler deadline registered
Apr  5 17:26:20 instance-8 kernel: [    3.336322] io scheduler cfq registered
Apr  5 17:26:20 instance-8 kernel: [    3.337179] pci_hotplug: PCI Hot Plug PCI Core version: 0.5
Apr  5 17:26:20 instance-8 kernel: [    3.337999] pciehp: PCI Express Hot Plug Controller Driver version: 0.4
Apr  5 17:26:20 instance-8 kernel: [    3.339282] GHES: HEST is not enabled!
Apr  5 17:26:20 instance-8 kernel: [    3.339987] Serial: 8250/16550 driver, 4 ports, IRQ sharing enabled
Apr  5 17:26:20 instance-8 kernel: [    3.362295] 00:03: ttyS0 at I/O 0x3f8 (irq = 4, base_baud = 115200) is a 16550A
Apr  5 17:26:20 instance-8 kernel: [    3.385906] 00:04: ttyS1 at I/O 0x2f8 (irq = 3, base_baud = 115200) is a 16550A
Apr  5 17:26:20 instance-8 kernel: [    3.409485] 00:05: ttyS2 at I/O 0x3e8 (irq = 6, base_baud = 115200) is a 16550A
Apr  5 17:26:20 instance-8 kernel: [    3.432857] 00:06: ttyS3 at I/O 0x2e8 (irq = 7, base_baud = 115200) is a 16550A
Apr  5 17:26:20 instance-8 kernel: [    3.435236] Linux agpgart interface v0.103
Apr  5 17:26:20 instance-8 kernel: [    3.436594] i8042: PNP: PS/2 Controller [PNP0303:KBD,PNP0f13:MOU] at 0x60,0x64 irq 1,12
Apr  5 17:26:20 instance-8 kernel: [    3.439597] i8042: Warning: Keylock active
Apr  5 17:26:20 instance-8 kernel: [    3.441643] serio: i8042 KBD port at 0x60,0x64 irq 1
Apr  5 17:26:20 instance-8 kernel: [    3.442743] serio: i8042 AUX port at 0x60,0x64 irq 12
Apr  5 17:26:20 instance-8 kernel: [    3.444287] mousedev: PS/2 mouse device common for all mice
Apr  5 17:26:20 instance-8 kernel: [    3.445651] rtc_cmos 00:00: RTC can wake from S4
Apr  5 17:26:20 instance-8 kernel: [    3.447010] rtc_cmos 00:00: rtc core: registered rtc_cmos as rtc0
Apr  5 17:26:20 instance-8 kernel: [    3.448650] rtc_cmos 00:00: alarms up to one day, 114 bytes nvram
Apr  5 17:26:20 instance-8 kernel: [    3.450180] ledtrig-cpu: registered to indicate activity on CPUs
Apr  5 17:26:20 instance-8 kernel: [    3.451653] AMD IOMMUv2 driver by Joerg Roedel <joerg.roedel@amd.com>
Apr  5 17:26:20 instance-8 kernel: [    3.453366] AMD IOMMUv2 functionality not available on this system
Apr  5 17:26:20 instance-8 kernel: [    3.455020] TCP: cubic registered
Apr  5 17:26:20 instance-8 kernel: [    3.455822] NET: Registered protocol family 10
Apr  5 17:26:20 instance-8 kernel: [    3.457150] mip6: Mobile IPv6
Apr  5 17:26:20 instance-8 kernel: [    3.457951] NET: Registered protocol family 17
Apr  5 17:26:20 instance-8 kernel: [    3.459034] mpls_gso: MPLS GSO support
Apr  5 17:26:20 instance-8 kernel: [    3.460146] registered taskstats version 1
Apr  5 17:26:20 instance-8 kernel: [    3.461534] rtc_cmos 00:00: setting system clock to 2017-04-05 17:26:16 UTC (1491413176)
Apr  5 17:26:20 instance-8 kernel: [    3.465063] Freeing unused kernel memory: 1208K (ffffffff818fc000 - ffffffff81a2a000)
Apr  5 17:26:20 instance-8 kernel: [    3.466644] Write protecting the kernel read-only data: 8192k
Apr  5 17:26:20 instance-8 kernel: [    3.468120] Freeing unused kernel memory: 816K (ffff880001534000 - ffff880001600000)
Apr  5 17:26:20 instance-8 kernel: [    3.469739] Freeing unused kernel memory: 224K (ffff8800017c8000 - ffff880001800000)
Apr  5 17:26:20 instance-8 kernel: [    3.480571] random: systemd-udevd: uninitialized urandom read (16 bytes read, 1 bits of entropy available)
Apr  5 17:26:20 instance-8 kernel: [    3.506715] ACPI: PCI Interrupt Link [LNKC] enabled at IRQ 11
Apr  5 17:26:20 instance-8 kernel: [    3.530567] ACPI: PCI Interrupt Link [LNKD] enabled at IRQ 10
Apr  5 17:26:20 instance-8 kernel: [    3.547882] SCSI subsystem initialized
Apr  5 17:26:20 instance-8 kernel: [    3.601642] scsi0 : Virtio SCSI HBA
Apr  5 17:26:20 instance-8 kernel: [    3.606042] scsi 0:0:1:0: Direct-Access     Google   PersistentDisk   1    PQ: 0 ANSI: 6
Apr  5 17:26:20 instance-8 kernel: [    3.607454] Akai:	UID	PID	PPID	on-CPU	STIME	CMD 
Apr  5 17:26:20 instance-8 kernel: [    3.608131] Akai: 0	1	0	0	0	init 
Apr  5 17:26:20 instance-8 kernel: [    3.608701] Akai: 0	2	0	0	0	kthreadd 
Apr  5 17:26:20 instance-8 kernel: [    3.609714] Akai: 0	3	2	0	0	ksoftirqd/0 
Apr  5 17:26:20 instance-8 kernel: [    3.610291] Akai: 0	4	2	0	0	kworker/0:0 
Apr  5 17:26:20 instance-8 kernel: [    3.611176] Akai: 0	5	2	0	0	kworker/0:0H 
Apr  5 17:26:20 instance-8 kernel: [    3.611827] Akai: 0	6	2	0	0	kworker/u2:0 
Apr  5 17:26:20 instance-8 kernel: [    3.612485] Akai: 0	7	2	0	0	rcu_sched 
Apr  5 17:26:20 instance-8 kernel: [    3.613215] Akai: 0	8	2	0	0	rcu_bh 
Apr  5 17:26:20 instance-8 kernel: [    3.614139] Akai: 0	9	2	0	0	migration/0 
Apr  5 17:26:20 instance-8 kernel: [    3.614946] Akai: 0	10	2	0	0	watchdog/0 
Apr  5 17:26:20 instance-8 kernel: [    3.615527] Akai: 0	11	2	0	0	khelper 
Apr  5 17:26:20 instance-8 kernel: [    3.616139] Akai: 0	12	2	0	0	kdevtmpfs 
Apr  5 17:26:20 instance-8 kernel: [    3.617028] Akai: 0	13	2	0	0	netns 
Apr  5 17:26:20 instance-8 kernel: [    3.617536] Akai: 0	14	2	0	0	khungtaskd 
Apr  5 17:26:20 instance-8 kernel: [    3.618114] Akai: 0	15	2	0	0	writeback 
Apr  5 17:26:20 instance-8 kernel: [    3.618702] Akai: 0	16	2	0	0	ksmd 
Apr  5 17:26:20 instance-8 kernel: [    3.619296] Akai: 0	17	2	0	0	khugepaged 
Apr  5 17:26:20 instance-8 kernel: [    3.619901] Akai: 0	18	2	0	0	crypto 
Apr  5 17:26:20 instance-8 kernel: [    3.620670] Akai: 0	19	2	0	0	kintegrityd 
Apr  5 17:26:20 instance-8 kernel: [    3.621478] Akai: 0	20	2	0	0	bioset 
Apr  5 17:26:20 instance-8 kernel: [    3.622237] Akai: 0	21	2	0	0	kblockd 
Apr  5 17:26:20 instance-8 kernel: [    3.622883] Akai: 0	22	2	0	0	kworker/0:1 
Apr  5 17:26:20 instance-8 kernel: [    3.623742] Akai: 0	23	2	0	0	kworker/u2:1 
Apr  5 17:26:20 instance-8 kernel: [    3.624549] Akai: 0	26	2	0	0	kswapd0 
Apr  5 17:26:20 instance-8 kernel: [    3.625368] Akai: 0	27	2	0	0	vmstat 
Apr  5 17:26:20 instance-8 kernel: [    3.626160] Akai: 0	28	2	0	0	fsnotify_mark 
Apr  5 17:26:20 instance-8 kernel: [    3.627281] Akai: 0	34	2	0	0	kthrotld 
Apr  5 17:26:20 instance-8 kernel: [    3.627975] Akai: 0	35	2	0	0	ipv6_addrconf 
Apr  5 17:26:20 instance-8 kernel: [    3.628740] Akai: 0	36	2	0	0	kworker/0:2 
Apr  5 17:26:20 instance-8 kernel: [    3.629333] Akai: 0	37	2	0	0	deferwq 
Apr  5 17:26:20 instance-8 kernel: [    3.630013] Akai: 0	55	1	0	0	udev 
Apr  5 17:26:20 instance-8 kernel: [    3.630619] Akai: 0	57	1	0	0	systemd-udevd 
Apr  5 17:26:20 instance-8 kernel: [    3.631480] Akai: 0	59	55	0	0	udevadm 
Apr  5 17:26:20 instance-8 kernel: [    3.632243] Akai: 0	60	57	0	0	systemd-udevd 
Apr  5 17:26:20 instance-8 kernel: [    3.633011] Akai: 0	61	57	0	0	systemd-udevd 
Apr  5 17:26:20 instance-8 kernel: [    3.633648] Akai: 0	62	57	0	0	systemd-udevd 
Apr  5 17:26:20 instance-8 kernel: [    3.634408] Akai: 0	63	57	0	0	systemd-udevd 
Apr  5 17:26:20 instance-8 kernel: [    3.635162] Akai: 0	64	57	0	0	systemd-udevd 
Apr  5 17:26:20 instance-8 kernel: [    3.636223] Akai: 0	65	57	0	0	systemd-udevd 
Apr  5 17:26:20 instance-8 kernel: [    3.636871] Akai: 0	66	57	0	0	systemd-udevd 
Apr  5 17:26:20 instance-8 kernel: [    3.637574] Akai: 0	67	57	0	0	systemd-udevd 
Apr  5 17:26:20 instance-8 kernel: [    3.638523] Akai: 0	68	57	0	0	systemd-udevd 
Apr  5 17:26:20 instance-8 kernel: [    3.639110] Akai: 0	69	57	0	0	systemd-udevd 
Apr  5 17:26:20 instance-8 kernel: [    3.639837] Akai: 0	70	2	0	0	kpsmoused 
Apr  5 17:26:20 instance-8 kernel: [    3.640562] Akai: 0	73	2	0	0	scsi_eh_0 
Apr  5 17:26:20 instance-8 kernel: [    3.641194] Akai: 0	74	2	0	0	scsi_tmf_0 
Apr  5 17:26:20 instance-8 kernel: [    3.641770] Akai: 0	75	2	0	0	kworker/u2:2 
Apr  5 17:26:20 instance-8 kernel: [    3.643373] input: AT Translated Set 2 keyboard as /devices/platform/i8042/serio0/input/input0
Apr  5 17:26:20 instance-8 kernel: [    3.652889] sd 0:0:1:0: [sda] 41943040 512-byte logical blocks: (21.4 GB/20.0 GiB)
Apr  5 17:26:20 instance-8 kernel: [    3.654523] sd 0:0:1:0: [sda] 4096-byte physical blocks
Apr  5 17:26:20 instance-8 kernel: [    3.655946] sd 0:0:1:0: [sda] Write Protect is off
Apr  5 17:26:20 instance-8 kernel: [    3.656788] sd 0:0:1:0: [sda] Write cache: enabled, read cache: enabled, doesn't support DPO or FUA
Apr  5 17:26:20 instance-8 kernel: [    3.660095]  sda: sda1
Apr  5 17:26:20 instance-8 kernel: [    3.660992] sd 0:0:1:0: [sda] Attached SCSI disk
Apr  5 17:26:20 instance-8 kernel: [    3.662482] sd 0:0:1:0: Attached scsi generic sg0 type 0
Apr  5 17:26:20 instance-8 kernel: [    3.843957] psmouse serio1: alps: Unknown ALPS touchpad: E7=10 00 64, EC=10 00 64
Apr  5 17:26:20 instance-8 kernel: [    3.943265] EXT4-fs (sda1): mounted filesystem with ordered data mode. Opts: (null)
Apr  5 17:26:20 instance-8 kernel: [    4.276302] input: ImPS/2 Generic Wheel Mouse as /devices/platform/i8042/serio1/input/input2
Apr  5 17:26:20 instance-8 kernel: [    4.319229] tsc: Refined TSC clocksource calibration: 2299.916 MHz
Apr  5 17:26:20 instance-8 kernel: [    4.664255] random: systemd: uninitialized urandom read (16 bytes read, 76 bits of entropy available)
Apr  5 17:26:20 instance-8 kernel: [    5.053476] random: systemd-sysv-ge: uninitialized urandom read (16 bytes read, 99 bits of entropy available)
Apr  5 17:26:20 instance-8 kernel: [    5.162119] random: systemd: uninitialized urandom read (16 bytes read, 107 bits of entropy available)
Apr  5 17:26:20 instance-8 kernel: [    5.163637] random: systemd: uninitialized urandom read (16 bytes read, 107 bits of entropy available)
Apr  5 17:26:20 instance-8 kernel: [    5.164977] random: systemd: uninitialized urandom read (16 bytes read, 107 bits of entropy available)
Apr  5 17:26:20 instance-8 kernel: [    5.266252] random: systemd: uninitialized urandom read (16 bytes read, 114 bits of entropy available)
Apr  5 17:26:20 instance-8 kernel: [    5.267737] random: systemd: uninitialized urandom read (16 bytes read, 114 bits of entropy available)
Apr  5 17:26:20 instance-8 kernel: [    5.269039] random: systemd: uninitialized urandom read (16 bytes read, 114 bits of entropy available)
Apr  5 17:26:20 instance-8 kernel: [    5.364255] random: systemd: uninitialized urandom read (16 bytes read, 120 bits of entropy available)
Apr  5 17:26:20 instance-8 kernel: [    5.490669] random: nonblocking pool is initialized
Apr  5 17:26:20 instance-8 kernel: [    5.922261] EXT4-fs (sda1): re-mounted. Opts: (null)
Apr  5 17:26:20 instance-8 kernel: [    6.353652] input: Power Button as /devices/LNXSYSTM:00/LNXPWRBN:00/input/input3
Apr  5 17:26:20 instance-8 kernel: [    6.354826] ACPI: Power Button [PWRF]
Apr  5 17:26:20 instance-8 kernel: [    6.355833] input: Sleep Button as /devices/LNXSYSTM:00/LNXSLPBN:00/input/input4
Apr  5 17:26:20 instance-8 kernel: [    6.356885] ACPI: Sleep Button [SLPF]
Apr  5 17:26:20 instance-8 kernel: [    6.444129] ppdev: user-space parallel port driver
Apr  5 17:26:20 instance-8 kernel: [    6.519730] AVX2 version of gcm_enc/dec engaged.
Apr  5 17:26:20 instance-8 kernel: [    6.522179] alg: No test for __gcm-aes-aesni (__driver-gcm-aes-aesni)
Apr  5 17:26:20 instance-8 kernel: [    6.541258] alg: No test for crc32 (crc32-pclmul)
Apr  5 17:26:20 instance-8 expand-root: growpart failed. Unable to expand size.
Apr  5 17:26:21 instance-8 rsyslogd-2007: action 'action 18' suspended, next retry is Wed Apr  5 17:26:51 2017 [try http://www.rsyslog.com/e/2007 ]
Apr  5 17:49:22 instance-8 kernel: [ 1389.732534] device-mapper: uevent: version 1.0.3
Apr  5 17:49:22 instance-8 kernel: [ 1389.738392] device-mapper: ioctl: 4.27.0-ioctl (2013-10-30) initialised: dm-devel@redhat.com
Apr  5 17:49:55 instance-8 rsyslogd: [origin software="rsyslogd" swVersion="8.4.2" x-pid="368" x-info="http://www.rsyslog.com"] exiting on signal 15.
Apr  5 17:50:07 instance-8 rsyslogd: [origin software="rsyslogd" swVersion="8.4.2" x-pid="368" x-info="http://www.rsyslog.com"] start
Apr  5 17:50:07 instance-8 kernel: [    0.000000] Initializing cgroup subsys cpuset
Apr  5 17:50:07 instance-8 kernel: [    0.000000] Initializing cgroup subsys cpu
Apr  5 17:50:07 instance-8 kernel: [    0.000000] Initializing cgroup subsys cpuacct
Apr  5 17:50:07 instance-8 kernel: [    0.000000] Linux version 3.16.39-falcot (kh276@instance-8) (gcc version 4.9.2 (Debian 4.9.2-10) ) #52 SMP Wed Apr 5 17:43:21 UTC 2017
Apr  5 17:50:07 instance-8 kernel: [    0.000000] Command line: BOOT_IMAGE=/boot/vmlinuz-3.16.39-falcot root=UUID=51f08c7e-588b-4101-88ec-71966f154b99 ro console=ttyS0,38400n8 elevator=noop
Apr  5 17:50:07 instance-8 kernel: [    0.000000] e820: BIOS-provided physical RAM map:
Apr  5 17:50:07 instance-8 kernel: [    0.000000] BIOS-e820: [mem 0x0000000000000000-0x000000000009fbff] usable
Apr  5 17:50:07 instance-8 kernel: [    0.000000] BIOS-e820: [mem 0x000000000009fc00-0x000000000009ffff] reserved
Apr  5 17:50:07 instance-8 kernel: [    0.000000] BIOS-e820: [mem 0x00000000000f0000-0x00000000000fffff] reserved
Apr  5 17:50:07 instance-8 kernel: [    0.000000] BIOS-e820: [mem 0x0000000000100000-0x00000000bfffcfff] usable
Apr  5 17:50:07 instance-8 kernel: [    0.000000] BIOS-e820: [mem 0x00000000bfffd000-0x00000000bfffffff] reserved
Apr  5 17:50:07 instance-8 kernel: [    0.000000] BIOS-e820: [mem 0x00000000fffbc000-0x00000000ffffffff] reserved
Apr  5 17:50:07 instance-8 kernel: [    0.000000] BIOS-e820: [mem 0x0000000100000000-0x000000012fffffff] usable
Apr  5 17:50:07 instance-8 kernel: [    0.000000] Kai-Chen_Hsieh: setup_arch(): command_line = BOOT_IMAGE=/boot/vmlinuz-3.16.39-falcot root=UUID=51f08c7e-588b-4101-88ec-71966f154b99 ro console=ttyS0,38400n8 elevator=noop 
Apr  5 17:50:07 instance-8 kernel: [    0.000000] Kai-Chen_Hsieh: parse_early_param(): setup_arch() code calls this early on 
Apr  5 17:50:07 instance-8 kernel: [    0.000000] NX (Execute Disable) protection: active
Apr  5 17:50:07 instance-8 kernel: [    0.000000] SMBIOS 2.4 present.
Apr  5 17:50:07 instance-8 kernel: [    0.000000] Hypervisor detected: KVM
Apr  5 17:50:07 instance-8 kernel: [    0.000000] AGP: No AGP bridge found
Apr  5 17:50:07 instance-8 kernel: [    0.000000] e820: last_pfn = 0x130000 max_arch_pfn = 0x400000000
Apr  5 17:50:07 instance-8 kernel: [    0.000000] x86 PAT enabled: cpu 0, old 0x70106, new 0x7010600070106
Apr  5 17:50:07 instance-8 kernel: [    0.000000] e820: last_pfn = 0xbfffd max_arch_pfn = 0x400000000
Apr  5 17:50:07 instance-8 kernel: [    0.000000] found SMP MP-table at [mem 0x000f3450-0x000f345f] mapped at [ffff8800000f3450]
Apr  5 17:50:07 instance-8 kernel: [    0.000000] Using GB pages for direct mapping
Apr  5 17:50:07 instance-8 kernel: [    0.000000] init_memory_mapping: [mem 0x00000000-0x000fffff]
Apr  5 17:50:07 instance-8 kernel: [    0.000000] init_memory_mapping: [mem 0x12fe00000-0x12fffffff]
Apr  5 17:50:07 instance-8 kernel: [    0.000000] init_memory_mapping: [mem 0x12c000000-0x12fdfffff]
Apr  5 17:50:07 instance-8 kernel: [    0.000000] init_memory_mapping: [mem 0x100000000-0x12bffffff]
Apr  5 17:50:07 instance-8 kernel: [    0.000000] init_memory_mapping: [mem 0x00100000-0xbfffcfff]
Apr  5 17:50:07 instance-8 kernel: [    0.000000] RAMDISK: [mem 0x36210000-0x370fffff]
Apr  5 17:50:07 instance-8 kernel: [    0.000000] ACPI: Early table checksum verification disabled
Apr  5 17:50:07 instance-8 kernel: [    0.000000] ACPI: RSDP 0x00000000000F3240 000014 (v00 Google)
Apr  5 17:50:07 instance-8 kernel: [    0.000000] ACPI: RSDT 0x00000000BFFFDF60 000034 (v01 Google GOOGRSDT 00000001 GOOG 00000001)
Apr  5 17:50:07 instance-8 kernel: [    0.000000] ACPI: FACP 0x00000000BFFFFF00 0000F4 (v02 Google GOOGFACP 00000001 GOOG 00000001)
Apr  5 17:50:07 instance-8 kernel: [    0.000000] ACPI: DSDT 0x00000000BFFFDFA0 0015A3 (v01 Google GOOGDSDT 00000001 GOOG 00000001)
Apr  5 17:50:07 instance-8 kernel: [    0.000000] ACPI: FACS 0x00000000BFFFFEC0 000040
Apr  5 17:50:07 instance-8 kernel: [    0.000000] ACPI: FACS 0x00000000BFFFFEC0 000040
Apr  5 17:50:07 instance-8 kernel: [    0.000000] ACPI: SSDT 0x00000000BFFFF670 000843 (v01 Google GOOGSSDT 00000001 GOOG 00000001)
Apr  5 17:50:07 instance-8 kernel: [    0.000000] ACPI: APIC 0x00000000BFFFF580 00006E (v01 Google GOOGAPIC 00000001 GOOG 00000001)
Apr  5 17:50:07 instance-8 kernel: [    0.000000] ACPI: WAET 0x00000000BFFFF550 000028 (v01 Google GOOGWAET 00000001 GOOG 00000001)
Apr  5 17:50:07 instance-8 kernel: [    0.000000] No NUMA configuration found
Apr  5 17:50:07 instance-8 kernel: [    0.000000] Faking a node at [mem 0x0000000000000000-0x000000012fffffff]
Apr  5 17:50:07 instance-8 kernel: [    0.000000] Initmem setup node 0 [mem 0x00000000-0x12fffffff]
Apr  5 17:50:07 instance-8 kernel: [    0.000000]   NODE_DATA [mem 0x12fff9000-0x12fffdfff]
Apr  5 17:50:07 instance-8 kernel: [    0.000000] kvm-clock: Using msrs 4b564d01 and 4b564d00
Apr  5 17:50:07 instance-8 kernel: [    0.000000] kvm-clock: cpu 0, msr 1:2fff1001, primary cpu clock
Apr  5 17:50:07 instance-8 kernel: [    0.000000] Zone ranges:
Apr  5 17:50:07 instance-8 kernel: [    0.000000]   DMA      [mem 0x00001000-0x00ffffff]
Apr  5 17:50:07 instance-8 kernel: [    0.000000]   DMA32    [mem 0x01000000-0xffffffff]
Apr  5 17:50:07 instance-8 kernel: [    0.000000]   Normal   [mem 0x100000000-0x12fffffff]
Apr  5 17:50:07 instance-8 kernel: [    0.000000] Movable zone start for each node
Apr  5 17:50:07 instance-8 kernel: [    0.000000] Early memory node ranges
Apr  5 17:50:07 instance-8 kernel: [    0.000000]   node   0: [mem 0x00001000-0x0009efff]
Apr  5 17:50:07 instance-8 kernel: [    0.000000]   node   0: [mem 0x00100000-0xbfffcfff]
Apr  5 17:50:07 instance-8 kernel: [    0.000000]   node   0: [mem 0x100000000-0x12fffffff]
Apr  5 17:50:07 instance-8 kernel: [    0.000000] ACPI: PM-Timer IO Port: 0xb008
Apr  5 17:50:07 instance-8 kernel: [    0.000000] ACPI: LAPIC (acpi_id[0x00] lapic_id[0x00] enabled)
Apr  5 17:50:07 instance-8 kernel: [    0.000000] ACPI: LAPIC_NMI (acpi_id[0xff] dfl dfl lint[0x1])
Apr  5 17:50:07 instance-8 kernel: [    0.000000] ACPI: IOAPIC (id[0x00] address[0xfec00000] gsi_base[0])
Apr  5 17:50:07 instance-8 kernel: [    0.000000] IOAPIC[0]: apic_id 0, version 17, address 0xfec00000, GSI 0-23
Apr  5 17:50:07 instance-8 kernel: [    0.000000] ACPI: INT_SRC_OVR (bus 0 bus_irq 5 global_irq 5 high level)
Apr  5 17:50:07 instance-8 kernel: [    0.000000] ACPI: INT_SRC_OVR (bus 0 bus_irq 9 global_irq 9 high level)
Apr  5 17:50:07 instance-8 kernel: [    0.000000] ACPI: INT_SRC_OVR (bus 0 bus_irq 10 global_irq 10 high level)
Apr  5 17:50:07 instance-8 kernel: [    0.000000] ACPI: INT_SRC_OVR (bus 0 bus_irq 11 global_irq 11 high level)
Apr  5 17:50:07 instance-8 kernel: [    0.000000] Using ACPI (MADT) for SMP configuration information
Apr  5 17:50:07 instance-8 kernel: [    0.000000] smpboot: Allowing 1 CPUs, 0 hotplug CPUs
Apr  5 17:50:07 instance-8 kernel: [    0.000000] PM: Registered nosave memory: [mem 0x0009f000-0x0009ffff]
Apr  5 17:50:07 instance-8 kernel: [    0.000000] PM: Registered nosave memory: [mem 0x000a0000-0x000effff]
Apr  5 17:50:07 instance-8 kernel: [    0.000000] PM: Registered nosave memory: [mem 0x000f0000-0x000fffff]
Apr  5 17:50:07 instance-8 kernel: [    0.000000] PM: Registered nosave memory: [mem 0xbfffd000-0xbfffffff]
Apr  5 17:50:07 instance-8 kernel: [    0.000000] PM: Registered nosave memory: [mem 0xc0000000-0xfffbbfff]
Apr  5 17:50:07 instance-8 kernel: [    0.000000] PM: Registered nosave memory: [mem 0xfffbc000-0xffffffff]
Apr  5 17:50:07 instance-8 kernel: [    0.000000] e820: [mem 0xc0000000-0xfffbbfff] available for PCI devices
Apr  5 17:50:07 instance-8 kernel: [    0.000000] Booting paravirtualized kernel on KVM
Apr  5 17:50:07 instance-8 kernel: [    0.000000] setup_percpu: NR_CPUS:512 nr_cpumask_bits:512 nr_cpu_ids:1 nr_node_ids:1
Apr  5 17:50:07 instance-8 kernel: [    0.000000] PERCPU: Embedded 28 pages/cpu @ffff88012fc00000 s82176 r8192 d24320 u2097152
Apr  5 17:50:07 instance-8 kernel: [    0.000000] Built 1 zonelists in Node order, mobility grouping on.  Total pages: 969478
Apr  5 17:50:07 instance-8 kernel: [    0.000000] Policy zone: Normal
Apr  5 17:50:07 instance-8 kernel: [    0.000000] Kai-Chen_Hsieh: page_alloc_init(): this function calls hotcpu_notifier() 
Apr  5 17:50:07 instance-8 kernel: [    0.000000] Kernel command line: BOOT_IMAGE=/boot/vmlinuz-3.16.39-falcot root=UUID=51f08c7e-588b-4101-88ec-71966f154b99 ro console=ttyS0,38400n8 elevator=noop
Apr  5 17:50:07 instance-8 kernel: [    0.000000] Kai-Chen_Hsieh: parse_early_param(): setup_arch() code calls this early on 
Apr  5 17:50:07 instance-8 kernel: [    0.000000] PID hash table entries: 4096 (order: 3, 32768 bytes)
Apr  5 17:50:07 instance-8 kernel: [    0.000000] Kai Chen, Hsieh: trap_init(): initialize traps 
Apr  5 17:50:07 instance-8 kernel: [    0.000000] xsave: enabled xstate_bv 0x7, cntxt size 0x340
Apr  5 17:50:07 instance-8 kernel: [    0.000000] Kai Chen, Hsieh: mm_init(): calls mem_init() and kmem_cache_init() 
Apr  5 17:50:07 instance-8 kernel: [    0.000000] AGP: Checking aperture...
Apr  5 17:50:07 instance-8 kernel: [    0.000000] AGP: No AGP bridge found
Apr  5 17:50:07 instance-8 kernel: [    0.000000] Memory: 3783300K/3931756K available (5318K kernel code, 1003K rwdata, 1824K rodata, 1208K init, 848K bss, 148456K reserved)
Apr  5 17:50:07 instance-8 kernel: [    0.000000] Hierarchical RCU implementation.
Apr  5 17:50:07 instance-8 kernel: [    0.000000] 	RCU dyntick-idle grace-period acceleration is enabled.
Apr  5 17:50:07 instance-8 kernel: [    0.000000] 	RCU restricting CPUs from NR_CPUS=512 to nr_cpu_ids=1.
Apr  5 17:50:07 instance-8 kernel: [    0.000000] RCU: Adjusting geometry for rcu_fanout_leaf=16, nr_cpu_ids=1
Apr  5 17:50:07 instance-8 kernel: [    0.000000] NR_IRQS:33024 nr_irqs:256 16
Apr  5 17:50:07 instance-8 kernel: [    0.000000] Console: colour VGA+ 80x25
Apr  5 17:50:07 instance-8 kernel: [    0.000000] console [ttyS0] enabled
Apr  5 17:50:07 instance-8 kernel: [    0.000000] tsc: Detected 2300.000 MHz processor
Apr  5 17:50:07 instance-8 kernel: [    2.710737] Calibrating delay loop (skipped) preset value.. 4600.00 BogoMIPS (lpj=9200000)
Apr  5 17:50:07 instance-8 kernel: [    2.711946] pid_max: default: 32768 minimum: 301
Apr  5 17:50:07 instance-8 kernel: [    2.712640] ACPI: Core revision 20140424
Apr  5 17:50:07 instance-8 kernel: [    2.714829] ACPI: All ACPI Tables successfully acquired
Apr  5 17:50:07 instance-8 kernel: [    2.715778] Security Framework initialized
Apr  5 17:50:07 instance-8 kernel: [    2.716356] AppArmor: AppArmor disabled by boot time parameter
Apr  5 17:50:07 instance-8 kernel: [    2.717233] Yama: disabled by default; enable with sysctl kernel.yama.*
Apr  5 17:50:07 instance-8 kernel: [    2.719859] Dentry cache hash table entries: 524288 (order: 10, 4194304 bytes)
Apr  5 17:50:07 instance-8 kernel: [    2.723804] Inode-cache hash table entries: 262144 (order: 9, 2097152 bytes)
Apr  5 17:50:07 instance-8 kernel: [    2.725652] Mount-cache hash table entries: 8192 (order: 4, 65536 bytes)
Apr  5 17:50:07 instance-8 kernel: [    2.726717] Mountpoint-cache hash table entries: 8192 (order: 4, 65536 bytes)
Apr  5 17:50:07 instance-8 kernel: [    2.727980] Initializing cgroup subsys memory
Apr  5 17:50:07 instance-8 kernel: [    2.728712] Initializing cgroup subsys devices
Apr  5 17:50:07 instance-8 kernel: [    2.729335] Initializing cgroup subsys freezer
Apr  5 17:50:07 instance-8 kernel: [    2.730064] Initializing cgroup subsys net_cls
Apr  5 17:50:07 instance-8 kernel: [    2.730709] Initializing cgroup subsys blkio
Apr  5 17:50:07 instance-8 kernel: [    2.731438] Initializing cgroup subsys perf_event
Apr  5 17:50:07 instance-8 kernel: [    2.732570] Initializing cgroup subsys net_prio
Apr  5 17:50:07 instance-8 kernel: [    2.733357] CPU: Physical Processor ID: 0
Apr  5 17:50:07 instance-8 kernel: [    2.733979] CPU: Processor Core ID: 0
Apr  5 17:50:07 instance-8 kernel: [    2.735739] mce: CPU supports 32 MCE banks
Apr  5 17:50:07 instance-8 kernel: [    2.736453] Last level iTLB entries: 4KB 1024, 2MB 1024, 4MB 1024
Apr  5 17:50:07 instance-8 kernel: [    2.736453] Last level dTLB entries: 4KB 1024, 2MB 1024, 4MB 1024, 1GB 4
Apr  5 17:50:07 instance-8 kernel: [    2.736453] tlb_flushall_shift: 6
Apr  5 17:50:07 instance-8 kernel: [    2.746823] Freeing SMP alternatives memory: 20K (ffffffff81a2a000 - ffffffff81a2f000)
Apr  5 17:50:07 instance-8 kernel: [    2.751850] ftrace: allocating 21748 entries in 85 pages
Apr  5 17:50:07 instance-8 kernel: [    2.777987] Akai: runqueues->nr_switches: 1 
Apr  5 17:50:07 instance-8 kernel: [    2.778812] Akai: entering context_switch() 
Apr  5 17:50:07 instance-8 kernel: [    2.779505] Akai: from PID: 0, name: swapper/0 
Apr  5 17:50:07 instance-8 kernel: [    2.780476] Akai: to PID: 2, name: swapper/0 
Apr  5 17:50:07 instance-8 kernel: [    2.781373] Akai: runqueues->nr_switches: 2 
Apr  5 17:50:07 instance-8 kernel: [    2.782132] Akai: entering context_switch() 
Apr  5 17:50:07 instance-8 kernel: [    2.782765] Akai: from PID: 2, name: kthreadd 
Apr  5 17:50:07 instance-8 kernel: [    2.783424] Akai: to PID: 1, name: swapper/0 
Apr  5 17:50:07 instance-8 kernel: [    2.784733] Enabling x2apic
Apr  5 17:50:07 instance-8 kernel: [    2.785244] Enabled x2apic
Apr  5 17:50:07 instance-8 kernel: [    2.786694] Switched APIC routing to physical x2apic.
Apr  5 17:50:07 instance-8 kernel: [    2.790950] ..TIMER: vector=0x30 apic1=0 pin1=0 apic2=-1 pin2=-1
Apr  5 17:50:07 instance-8 kernel: [    2.792083] smpboot: CPU0: Intel(R) Xeon(R) CPU @ 2.30GHz (fam: 06, model: 3f, stepping: 00)
Apr  5 17:50:07 instance-8 kernel: [    2.897988] Performance Events: unsupported p6 CPU model 63 no PMU driver, software events only.
Apr  5 17:50:07 instance-8 kernel: [    2.900111] Akai: runqueues->nr_switches: 3 
Apr  5 17:50:07 instance-8 kernel: [    2.901049] Akai: entering context_switch() 
Apr  5 17:50:07 instance-8 kernel: [    2.901948] Akai: from PID: 1, name: swapper/0 
Apr  5 17:50:07 instance-8 kernel: [    2.902886] Akai: to PID: 2, name: kthreadd 
Apr  5 17:50:07 instance-8 kernel: [    2.903785] Akai: runqueues->nr_switches: 4 
Apr  5 17:50:07 instance-8 kernel: [    2.904505] Akai: entering context_switch() 
Apr  5 17:50:07 instance-8 kernel: [    2.905151] Akai: from PID: 2, name: kthreadd 
Apr  5 17:50:07 instance-8 kernel: [    2.905840] Akai: to PID: 1, name: swapper/0 
Apr  5 17:50:07 instance-8 kernel: [    2.906560] Akai: runqueues->nr_switches: 5 
Apr  5 17:50:07 instance-8 kernel: [    2.907524] Akai: entering context_switch() 
Apr  5 17:50:07 instance-8 kernel: [    2.908599] Akai: from PID: 1, name: swapper/0 
Apr  5 17:50:07 instance-8 kernel: [    2.909432] Akai: to PID: 2, name: kthreadd 
Apr  5 17:50:07 instance-8 kernel: [    2.910338] Akai: runqueues->nr_switches: 6 
Apr  5 17:50:07 instance-8 kernel: [    2.911122] Akai: entering context_switch() 
Apr  5 17:50:07 instance-8 kernel: [    2.912047] Akai: from PID: 2, name: kthreadd 
Apr  5 17:50:07 instance-8 kernel: [    2.912721] Akai: to PID: 3, name: kthreadd 
Apr  5 17:50:07 instance-8 kernel: [    2.913571] Akai: runqueues->nr_switches: 7 
Apr  5 17:50:07 instance-8 kernel: [    2.914227] Akai: entering context_switch() 
Apr  5 17:50:07 instance-8 kernel: [    2.914908] Akai: from PID: 3, name: kthreadd 
Apr  5 17:50:07 instance-8 kernel: [    2.915536] Akai: to PID: 1, name: swapper/0 
Apr  5 17:50:07 instance-8 kernel: [    2.916191] Akai: runqueues->nr_switches: 8 
Apr  5 17:50:07 instance-8 kernel: [    2.916832] Akai: entering context_switch() 
Apr  5 17:50:07 instance-8 kernel: [    2.917554] Akai: from PID: 1, name: swapper/0 
Apr  5 17:50:07 instance-8 kernel: [    2.918221] Akai: to PID: 3, name: ksoftirqd/0 
Apr  5 17:50:07 instance-8 kernel: [    2.919115] Akai: runqueues->nr_switches: 9 
Apr  5 17:50:07 instance-8 kernel: [    2.919720] Akai: entering context_switch() 
Apr  5 17:50:07 instance-8 kernel: [    2.920352] Akai: from PID: 3, name: ksoftirqd/0 
Apr  5 17:50:07 instance-8 kernel: [    2.921036] Akai: to PID: 1, name: swapper/0 
Apr  5 17:50:07 instance-8 kernel: [    2.921887] Akai: runqueues->nr_switches: 10 
Apr  5 17:50:07 instance-8 kernel: [    2.922539] Akai: entering context_switch() 
Apr  5 17:50:07 instance-8 kernel: [    2.923189] Akai: from PID: 1, name: swapper/0 
Apr  5 17:50:07 instance-8 kernel: [    2.923951] Akai: to PID: 2, name: kthreadd 
Apr  5 17:50:07 instance-8 kernel: [    2.924770] Akai: runqueues->nr_switches: 11 
Apr  5 17:50:07 instance-8 kernel: [    2.925429] Akai: entering context_switch() 
Apr  5 17:50:07 instance-8 kernel: [    2.926068] Akai: from PID: 2, name: kthreadd 
Apr  5 17:50:07 instance-8 kernel: [    2.926695] Akai: to PID: 1, name: swapper/0 
Apr  5 17:50:07 instance-8 kernel: [    2.927299] Akai: runqueues->nr_switches: 12 
Apr  5 17:50:07 instance-8 kernel: [    2.928438] Akai: entering context_switch() 
Apr  5 17:50:07 instance-8 kernel: [    2.929728] Akai: from PID: 1, name: swapper/0 
Apr  5 17:50:07 instance-8 kernel: [    2.930657] Akai: to PID: 2, name: kthreadd 
Apr  5 17:50:07 instance-8 kernel: [    2.931508] Akai: runqueues->nr_switches: 13 
Apr  5 17:50:07 instance-8 kernel: [    2.932296] Akai: entering context_switch() 
Apr  5 17:50:07 instance-8 kernel: [    2.932980] Akai: from PID: 2, name: kthreadd 
Apr  5 17:50:07 instance-8 kernel: [    2.933685] Akai: to PID: 3, name: ksoftirqd/0 
Apr  5 17:50:07 instance-8 kernel: [    2.934656] Akai: runqueues->nr_switches: 14 
Apr  5 17:50:07 instance-8 kernel: [    2.935428] Akai: entering context_switch() 
Apr  5 17:50:07 instance-8 kernel: [    2.936118] Akai: from PID: 3, name: ksoftirqd/0 
Apr  5 17:50:07 instance-8 kernel: [    2.936835] Akai: to PID: 1, name: swapper/0 
Apr  5 17:50:07 instance-8 kernel: [    2.938333] Akai: runqueues->nr_switches: 15 
Apr  5 17:50:07 instance-8 kernel: [    2.939011] Akai: entering context_switch() 
Apr  5 17:50:07 instance-8 kernel: [    2.939743] Akai: from PID: 1, name: swapper/0 
Apr  5 17:50:07 instance-8 kernel: [    2.940639] Akai: to PID: 3, name: ksoftirqd/0 
Apr  5 17:50:07 instance-8 kernel: [    2.941634] Akai: runqueues->nr_switches: 16 
Apr  5 17:50:07 instance-8 kernel: [    2.942692] Akai: entering context_switch() 
Apr  5 17:50:07 instance-8 kernel: [    2.943757] Akai: from PID: 3, name: ksoftirqd/0 
Apr  5 17:50:07 instance-8 kernel: [    2.944667] Akai: to PID: 2, name: kthreadd 
Apr  5 17:50:07 instance-8 kernel: [    2.945435] Akai: runqueues->nr_switches: 17 
Apr  5 17:50:07 instance-8 kernel: [    2.946223] Akai: entering context_switch() 
Apr  5 17:50:07 instance-8 kernel: [    2.947597] Akai: from PID: 2, name: kthreadd 
Apr  5 17:50:07 instance-8 kernel: [    2.948355] Akai: to PID: 1, name: swapper/0 
Apr  5 17:50:07 instance-8 kernel: [    2.948966] Akai: runqueues->nr_switches: 18 
Apr  5 17:50:07 instance-8 kernel: [    2.949633] Akai: entering context_switch() 
Apr  5 17:50:07 instance-8 kernel: [    2.950263] Akai: from PID: 1, name: swapper/0 
Apr  5 17:50:07 instance-8 kernel: [    2.950898] Akai: to PID: 2, name: kthreadd 
Apr  5 17:50:07 instance-8 kernel: [    2.951511] Akai: runqueues->nr_switches: 19 
Apr  5 17:50:07 instance-8 kernel: [    2.952167] Akai: entering context_switch() 
Apr  5 17:50:07 instance-8 kernel: [    2.952791] Akai: from PID: 2, name: kthreadd 
Apr  5 17:50:07 instance-8 kernel: [    2.953426] Akai: to PID: 1, name: swapper/0 
Apr  5 17:50:07 instance-8 kernel: [    2.954144] Akai: runqueues->nr_switches: 20 
Apr  5 17:50:07 instance-8 kernel: [    2.954781] Akai: entering context_switch() 
Apr  5 17:50:07 instance-8 kernel: [    2.955455] Akai: from PID: 1, name: swapper/0 
Apr  5 17:50:07 instance-8 kernel: [    2.956145] Akai: to PID: 4, name: kthreadd 
Apr  5 17:50:07 instance-8 kernel: [    2.956753] Akai: runqueues->nr_switches: 21 
Apr  5 17:50:07 instance-8 kernel: [    2.957393] Akai: entering context_switch() 
Apr  5 17:50:07 instance-8 kernel: [    2.958030] Akai: from PID: 4, name: kthreadd 
Apr  5 17:50:07 instance-8 kernel: [    2.958637] Akai: to PID: 1, name: swapper/0 
Apr  5 17:50:07 instance-8 kernel: [    2.959484] Akai: runqueues->nr_switches: 22 
Apr  5 17:50:07 instance-8 kernel: [    2.960122] Akai: entering context_switch() 
Apr  5 17:50:07 instance-8 kernel: [    2.960711] Akai: from PID: 1, name: swapper/0 
Apr  5 17:50:07 instance-8 kernel: [    2.961384] Akai: to PID: 2, name: kthreadd 
Apr  5 17:50:07 instance-8 kernel: [    2.961998] Akai: runqueues->nr_switches: 23 
Apr  5 17:50:07 instance-8 kernel: [    2.962631] Akai: entering context_switch() 
Apr  5 17:50:07 instance-8 kernel: [    2.963255] Akai: from PID: 2, name: kthreadd 
Apr  5 17:50:07 instance-8 kernel: [    2.963895] Akai: to PID: 4, name: kworker/0:0 
Apr  5 17:50:07 instance-8 kernel: [    2.964519] Akai: runqueues->nr_switches: 24 
Apr  5 17:50:07 instance-8 kernel: [    2.965155] Akai: entering context_switch() 
Apr  5 17:50:07 instance-8 kernel: [    2.965747] Akai: from PID: 4, name: kworker/0:0 
Apr  5 17:50:07 instance-8 kernel: [    2.966464] Akai: to PID: 2, name: kthreadd 
Apr  5 17:50:07 instance-8 kernel: [    2.967077] Akai: runqueues->nr_switches: 25 
Apr  5 17:50:07 instance-8 kernel: [    2.967694] Akai: entering context_switch() 
Apr  5 17:50:07 instance-8 kernel: [    2.968298] Akai: from PID: 2, name: kthreadd 
Apr  5 17:50:07 instance-8 kernel: [    2.968923] Akai: to PID: 1, name: swapper/0 
Apr  5 17:50:07 instance-8 kernel: [    2.970999] x86: Booted up 1 node, 1 CPUs
Apr  5 17:50:07 instance-8 kernel: [    2.971829] smpboot: Total of 1 processors activated (4600.00 BogoMIPS)
Apr  5 17:50:07 instance-8 kernel: [    2.973706] NMI watchdog: disabled (cpu0): hardware events not enabled
Apr  5 17:50:07 instance-8 kernel: [    2.975088] devtmpfs: initialized
Apr  5 17:50:07 instance-8 kernel: [    2.978630] pinctrl core: initialized pinctrl subsystem
Apr  5 17:50:07 instance-8 kernel: [    2.979776] NET: Registered protocol family 16
Apr  5 17:50:07 instance-8 kernel: [    2.980531] cpuidle: using governor ladder
Apr  5 17:50:07 instance-8 kernel: [    2.981183] cpuidle: using governor menu
Apr  5 17:50:07 instance-8 kernel: [    2.981787] ACPI: bus type PCI registered
Apr  5 17:50:07 instance-8 kernel: [    2.982359] acpiphp: ACPI Hot Plug PCI Controller Driver version: 0.5
Apr  5 17:50:07 instance-8 kernel: [    2.983382] PCI: Using configuration type 1 for base access
Apr  5 17:50:07 instance-8 kernel: [    2.985597] ACPI: Added _OSI(Module Device)
Apr  5 17:50:07 instance-8 kernel: [    2.986486] ACPI: Added _OSI(Processor Device)
Apr  5 17:50:07 instance-8 kernel: [    2.987129] ACPI: Added _OSI(3.0 _SCP Extensions)
Apr  5 17:50:07 instance-8 kernel: [    2.987789] ACPI: Added _OSI(Processor Aggregator Device)
Apr  5 17:50:07 instance-8 kernel: [    2.989238] ACPI: Executed 2 blocks of module-level executable AML code
Apr  5 17:50:07 instance-8 kernel: [    2.991178] ACPI: Interpreter enabled
Apr  5 17:50:07 instance-8 kernel: [    2.991782] ACPI Exception: AE_NOT_FOUND, While evaluating Sleep State [\_S1_] (20140424/hwxface-580)
Apr  5 17:50:07 instance-8 kernel: [    2.993174] ACPI Exception: AE_NOT_FOUND, While evaluating Sleep State [\_S2_] (20140424/hwxface-580)
Apr  5 17:50:07 instance-8 kernel: [    2.994588] ACPI: (supports S0 S3 S4 S5)
Apr  5 17:50:07 instance-8 kernel: [    2.995151] ACPI: Using IOAPIC for interrupt routing
Apr  5 17:50:07 instance-8 kernel: [    2.995884] PCI: Using host bridge windows from ACPI; if necessary, use "pci=nocrs" and report a bug
Apr  5 17:50:07 instance-8 kernel: [    2.999385] ACPI: PCI Root Bridge [PCI0] (domain 0000 [bus 00-ff])
Apr  5 17:50:07 instance-8 kernel: [    3.000367] acpi PNP0A03:00: _OSC: OS supports [ASPM ClockPM Segments MSI]
Apr  5 17:50:07 instance-8 kernel: [    3.001457] acpi PNP0A03:00: _OSC failed (AE_NOT_FOUND); disabling ASPM
Apr  5 17:50:07 instance-8 kernel: [    3.003116] acpi PNP0A03:00: fail to add MMCONFIG information, can't access extended PCI configuration space under this bridge.
Apr  5 17:50:07 instance-8 kernel: [    3.005381] PCI host bridge to bus 0000:00
Apr  5 17:50:07 instance-8 kernel: [    3.006069] pci_bus 0000:00: root bus resource [bus 00-ff]
Apr  5 17:50:07 instance-8 kernel: [    3.007111] pci_bus 0000:00: root bus resource [io  0x0000-0x0cf7]
Apr  5 17:50:07 instance-8 kernel: [    3.008028] pci_bus 0000:00: root bus resource [io  0x0d00-0xffff]
Apr  5 17:50:07 instance-8 kernel: [    3.008927] pci_bus 0000:00: root bus resource [mem 0x000a0000-0x000bffff]
Apr  5 17:50:07 instance-8 kernel: [    3.009869] pci_bus 0000:00: root bus resource [mem 0xc0000000-0xfebfffff]
Apr  5 17:50:07 instance-8 kernel: [    3.088864] pci 0000:00:01.3: quirk: [io  0xb000-0xb03f] claimed by PIIX4 ACPI
Apr  5 17:50:07 instance-8 kernel: [    3.215287] ACPI: PCI Interrupt Link [LNKA] (IRQs 5 *10 11)
Apr  5 17:50:07 instance-8 kernel: [    3.219609] ACPI: PCI Interrupt Link [LNKB] (IRQs 5 *10 11)
Apr  5 17:50:07 instance-8 kernel: [    3.225280] ACPI: PCI Interrupt Link [LNKC] (IRQs 5 10 *11)
Apr  5 17:50:07 instance-8 kernel: [    3.229674] ACPI: PCI Interrupt Link [LNKD] (IRQs 5 10 *11)
Apr  5 17:50:07 instance-8 kernel: [    3.234180] ACPI: PCI Interrupt Link [LNKS] (IRQs *9)
Apr  5 17:50:07 instance-8 kernel: [    3.235830] ACPI: Enabled 16 GPEs in block 00 to 0F
Apr  5 17:50:07 instance-8 kernel: [    3.237000] vgaarb: loaded
Apr  5 17:50:07 instance-8 kernel: [    3.237656] PCI: Using ACPI for IRQ routing
Apr  5 17:50:07 instance-8 kernel: [    3.238556] amd_nb: Cannot enumerate AMD northbridges
Apr  5 17:50:07 instance-8 kernel: [    3.239632] Switched to clocksource kvm-clock
Apr  5 17:50:07 instance-8 kernel: [    3.246910] pnp: PnP ACPI init
Apr  5 17:50:07 instance-8 kernel: [    3.247914] ACPI: bus type PNP registered
Apr  5 17:50:07 instance-8 kernel: [    3.249500] pnp: PnP ACPI: found 7 devices
Apr  5 17:50:07 instance-8 kernel: [    3.250081] ACPI: bus type PNP unregistered
Apr  5 17:50:07 instance-8 kernel: [    3.256351] NET: Registered protocol family 2
Apr  5 17:50:07 instance-8 kernel: [    3.257450] TCP established hash table entries: 32768 (order: 6, 262144 bytes)
Apr  5 17:50:07 instance-8 kernel: [    3.258703] TCP bind hash table entries: 32768 (order: 7, 524288 bytes)
Apr  5 17:50:07 instance-8 kernel: [    3.259686] TCP: Hash tables configured (established 32768 bind 32768)
Apr  5 17:50:07 instance-8 kernel: [    3.260985] TCP: reno registered
Apr  5 17:50:07 instance-8 kernel: [    3.261525] UDP hash table entries: 2048 (order: 4, 65536 bytes)
Apr  5 17:50:07 instance-8 kernel: [    3.262390] UDP-Lite hash table entries: 2048 (order: 4, 65536 bytes)
Apr  5 17:50:07 instance-8 kernel: [    3.263809] NET: Registered protocol family 1
Apr  5 17:50:07 instance-8 kernel: [    3.264577] pci 0000:00:00.0: Limiting direct PCI/PCI transfers
Apr  5 17:50:07 instance-8 kernel: [    3.265677] Unpacking initramfs...
Apr  5 17:50:07 instance-8 kernel: [    3.564098] Freeing initrd memory: 15296K (ffff880036210000 - ffff880037100000)
Apr  5 17:50:07 instance-8 kernel: [    3.566162] PCI-DMA: Using software bounce buffering for IO (SWIOTLB)
Apr  5 17:50:07 instance-8 kernel: [    3.567418] software IO TLB [mem 0xbbffd000-0xbfffd000] (64MB) mapped at [ffff8800bbffd000-ffff8800bfffcfff]
Apr  5 17:50:07 instance-8 kernel: [    3.569115] microcode: CPU0 sig=0x306f0, pf=0x1, revision=0x1
Apr  5 17:50:07 instance-8 kernel: [    3.569995] microcode: Microcode Update Driver: v2.00 <tigran@aivazian.fsnet.co.uk>, Peter Oruba
Apr  5 17:50:07 instance-8 kernel: [    3.571679] futex hash table entries: 256 (order: 2, 16384 bytes)
Apr  5 17:50:07 instance-8 kernel: [    3.572962] audit: initializing netlink subsys (disabled)
Apr  5 17:50:07 instance-8 kernel: [    3.573879] audit: type=2000 audit(1491414603.387:1): initialized
Apr  5 17:50:07 instance-8 kernel: [    3.575011] HugeTLB registered 2 MB page size, pre-allocated 0 pages
Apr  5 17:50:07 instance-8 kernel: [    3.575991] zbud: loaded
Apr  5 17:50:07 instance-8 kernel: [    3.576489] VFS: Disk quotas dquot_6.5.2
Apr  5 17:50:07 instance-8 kernel: [    3.577315] Dquot-cache hash table entries: 512 (order 0, 4096 bytes)
Apr  5 17:50:07 instance-8 kernel: [    3.578441] msgmni has been set to 7419
Apr  5 17:50:07 instance-8 kernel: [    3.579324] alg: No test for stdrng (krng)
Apr  5 17:50:07 instance-8 kernel: [    3.580085] Block layer SCSI generic (bsg) driver version 0.4 loaded (major 252)
Apr  5 17:50:07 instance-8 kernel: [    3.581483] io scheduler noop registered (default)
Apr  5 17:50:07 instance-8 kernel: [    3.582213] io scheduler deadline registered
Apr  5 17:50:07 instance-8 kernel: [    3.582855] io scheduler cfq registered
Apr  5 17:50:07 instance-8 kernel: [    3.583866] pci_hotplug: PCI Hot Plug PCI Core version: 0.5
Apr  5 17:50:07 instance-8 kernel: [    3.584762] pciehp: PCI Express Hot Plug Controller Driver version: 0.4
Apr  5 17:50:07 instance-8 kernel: [    3.585829] GHES: HEST is not enabled!
Apr  5 17:50:07 instance-8 kernel: [    3.586462] Serial: 8250/16550 driver, 4 ports, IRQ sharing enabled
Apr  5 17:50:07 instance-8 kernel: [    3.608736] 00:03: ttyS0 at I/O 0x3f8 (irq = 4, base_baud = 115200) is a 16550A
Apr  5 17:50:07 instance-8 kernel: [    3.632061] 00:04: ttyS1 at I/O 0x2f8 (irq = 3, base_baud = 115200) is a 16550A
Apr  5 17:50:07 instance-8 kernel: [    3.655185] 00:05: ttyS2 at I/O 0x3e8 (irq = 6, base_baud = 115200) is a 16550A
Apr  5 17:50:07 instance-8 kernel: [    3.678488] 00:06: ttyS3 at I/O 0x2e8 (irq = 7, base_baud = 115200) is a 16550A
Apr  5 17:50:07 instance-8 kernel: [    3.680696] Linux agpgart interface v0.103
Apr  5 17:50:07 instance-8 kernel: [    3.681891] i8042: PNP: PS/2 Controller [PNP0303:KBD,PNP0f13:MOU] at 0x60,0x64 irq 1,12
Apr  5 17:50:07 instance-8 kernel: [    3.684343] i8042: Warning: Keylock active
Apr  5 17:50:07 instance-8 kernel: [    3.686200] serio: i8042 KBD port at 0x60,0x64 irq 1
Apr  5 17:50:07 instance-8 kernel: [    3.687485] serio: i8042 AUX port at 0x60,0x64 irq 12
Apr  5 17:50:07 instance-8 kernel: [    3.688881] mousedev: PS/2 mouse device common for all mice
